ASxxxx Linker V03.00 + NoICE + sdld,  page 1.
Hexadecimal  [32-Bits]

Area                       Addr        Size        Decimal Bytes (Attributes)
--------------------       ----        ----        ------- ----- ------------
.  .ABS.               00000000    00000000 =           0. bytes (ABS,CON)

        Value  Global            Value  Global            Value  Global    
        -----  ------            -----  ------            -----  ------    
     00000000  .__.ABS.  |    00000000  _rRAMG    |    00000000  l__BASE  
     00000000  l__BSS    |    00000000  l__CABS   |    00000000  l__CODE_0
     00000000  l__DABS   |    00000000  l__HEADER |    00000000  l__HEAP  
     00000000  l__HEAP_E |    00000000  l__HRAM   |    00000000  l__LIT   
     00000000  s__CABS   |    00000000  s__DABS   |    00000000  s__HEADER
     00000000  s__HEADER |    00000000  s__HEADER |    00000000  s__HEADER
     00000000  s__HEADER |    00000000  s__HEADER |    00000000  s__HEADER
     00000000  s__HEADER |    00000000  s__HEADER |    00000000  s__HEADER
     00000000  s__HEADER |    00000000  s__HEADER |    00000000  s__HEADER
     00000000  s__HEADER |    00000000  s__HEADER |    00000000  s__HEADER
     00000000  s__HEADER |    00000000  s__HEADER |    00000000  s__HEADER
     00000000  s__HRAM   |    00000000  s__HRAM12 |    00000001  l__GSFINA
     00000001  l__HEADER |    00000001  l__HEADER |    00000001  l__HEADER
     00000001  l__HEADER |    00000001  l__HEADER |    00000001  l__HEADER
     00000001  l__HEADER |    00000002  l__HEADER |    00000002  l__HEADER
     00000002  l__HEADER |    00000003  l__HEADER |    00000003  l__HRAM12
     00000005  l__HEADER |    00000006  l__HEADER |    00000007  l__HEADER
     00000008  l__HEADER |    0000000C  l__GSINIT |    00000030  l__HEADER
     0000004C  l__HEADER |    00000084  l__HEADER |    000001A9  l__HOME  
     00000200  s__CODE   |    0000029D  l__INITIA |    0000029D  l__INITIA
     0000152E  l__DATA   |    00002000  _rROMB0   |    000021C1  l__CODE  
     000023C1  s__HOME   |    0000256A  s__BASE   |    0000256A  s__CODE_0
     0000256A  s__INITIA |    0000256A  s__LIT    |    00002807  s__GSINIT
     00002813  s__GSFINA |    00003000  _rROMB1   |    00004000  _rRAMB   
     00008000  __VRAM    |    00008000  __VRAM800 |    00008800  __VRAM880
     00009000  __VRAM900 |    00009800  __SCRN0   |    00009C00  __SCRN1  
     0000A000  __SRAM    |    0000C000  __RAM     |    0000C000  _shadow_O
     0000C0A0  s__DATA   |    0000D000  __RAMBANK |    0000D5CE  s__BSS   
     0000D5CE  s__INITIA |    0000D86B  s__HEAP   |    0000D86B  s__HEAP_E
     0000E000  .STACK    |    0000FE00  __OAMRAM  |    0000FF00  _P1_REG  
     0000FF00  __IO      |    0000FF01  _SB_REG   |    0000FF02  _SC_REG  
     0000FF04  _DIV_REG  |    0000FF05  _TIMA_REG |    0000FF06  _TMA_REG 
     0000FF07  _TAC_REG  |    0000FF0F  _IF_REG   |    0000FF10  _NR10_REG
     0000FF11  _NR11_REG |    0000FF12  _NR12_REG |    0000FF13  _NR13_REG
     0000FF14  _NR14_REG |    0000FF16  _NR21_REG |    0000FF17  _NR22_REG
     0000FF18  _NR23_REG |    0000FF19  _NR24_REG |    0000FF1A  _NR30_REG
     0000FF1B  _NR31_REG |    0000FF1C  _NR32_REG |    0000FF1D  _NR33_REG
     0000FF1E  _NR34_REG |    0000FF20  _NR41_REG |    0000FF21  _NR42_REG
     0000FF22  _NR43_REG |    0000FF23  _NR44_REG |    0000FF24  _NR50_REG
     0000FF25  _NR51_REG |    0000FF26  _NR52_REG |    0000FF30  _AUD3WAVE
     0000FF30  _PCM_SAMP |    0000FF30  __AUD3WAV |    0000FF40  _LCDC_REG
     0000FF41  _STAT_REG |    0000FF42  _SCY_REG  |    0000FF43  _SCX_REG 
     0000FF44  _LY_REG   |    0000FF45  _LYC_REG  |    0000FF46  _DMA_REG 
     0000FF47  _BGP_REG  |    0000FF48  _OBP0_REG |    0000FF49  _OBP1_REG
     0000FF4A  _WY_REG   |    0000FF4B  _WX_REG   |    0000FF4D  _KEY1_REG
     0000FF4F  _VBK_REG  |    0000FF51  _HDMA1_RE |    0000FF52  _HDMA2_RE
     0000FF53  _HDMA3_RE |    0000FF54  _HDMA4_RE |    0000FF55  _HDMA5_RE
     0000FF56  _RP_REG   |    0000FF68  _BCPS_REG |    0000FF69  _BCPD_REG
     0000FF6A  _OCPS_REG |    0000FF6B  _OCPD_REG |    0000FF70  _SVBK_REG
     0000FF76  _PCM12_RE |    0000FF77  _PCM34_RE |    0000FF80  .refresh_
ASxxxx Linker V03.00 + NoICE + sdld,  page 2.
Hexadecimal  [32-Bits]

Area                       Addr        Size        Decimal Bytes (Attributes)
--------------------       ----        ----        ------- ----- ------------
.  .ABS.               00000000    00000000 =           0. bytes (ABS,CON)

        Value  Global            Value  Global            Value  Global    
        -----  ------            -----  ------            -----  ------    
     0000FF80  __HRAM    |    0000FFFF  _IE_REG  
ASxxxx Linker V03.00 + NoICE + sdld,  page 3.
Hexadecimal  [32-Bits]

Area                       Addr        Size        Decimal Bytes (Attributes)
--------------------       ----        ----        ------- ----- ------------
_CODE                  00000200    000021C1 =        8641. bytes (REL,CON)

        Value  Global            Value  Global            Value  Global    
        -----  ------            -----  ------            -----  ------    
     00000200  A$lcc2791 |    00000200  C$main.c$ |    00000200  G$Run_Sim
     00000200  _Run_Sim  |    00000202  A$lcc2791 |    00000202  C$main.c$
     00000204  A$lcc2791 |    00000206  A$lcc2791 |    00000208  A$lcc2791
     00000209  A$lcc2791 |    0000020B  A$lcc2791 |    0000020E  A$lcc2791
     0000020E  C$main.c$ |    0000020F  A$lcc2791 |    00000211  A$lcc2791
     00000213  A$lcc2791 |    00000213  C$main.c$ |    00000214  A$lcc2791
     00000216  A$lcc2791 |    00000219  A$lcc2791 |    0000021B  A$lcc2791
     0000021C  A$lcc2791 |    0000021E  A$lcc2791 |    0000021F  A$lcc2791
     00000220  A$lcc2791 |    00000221  A$lcc2791 |    00000222  A$lcc2791
     00000223  A$lcc2791 |    00000224  A$lcc2791 |    00000225  A$lcc2791
     00000226  A$lcc2791 |    00000227  A$lcc2791 |    00000228  A$lcc2791
     00000229  A$lcc2791 |    0000022B  A$lcc2791 |    0000022C  A$lcc2791
     0000022E  A$lcc2791 |    0000022F  A$lcc2791 |    00000230  A$lcc2791
     00000231  A$lcc2791 |    00000232  A$lcc2791 |    00000233  A$lcc2791
     00000234  A$lcc2791 |    00000235  A$lcc2791 |    00000236  A$lcc2791
     00000237  A$lcc2791 |    00000239  A$lcc2791 |    0000023A  A$lcc2791
     0000023B  A$lcc2791 |    0000023C  A$lcc2791 |    0000023E  A$lcc2791
     0000023F  A$lcc2791 |    00000240  A$lcc2791 |    00000241  A$lcc2791
     00000242  A$lcc2791 |    00000243  A$lcc2791 |    00000244  A$lcc2791
     00000245  A$lcc2791 |    00000246  A$lcc2791 |    00000247  A$lcc2791
     00000248  A$lcc2791 |    00000249  A$lcc2791 |    0000024B  A$lcc2791
     0000024C  A$lcc2791 |    0000024D  A$lcc2791 |    0000024E  A$lcc2791
     00000250  A$lcc2791 |    00000251  A$lcc2791 |    00000252  A$lcc2791
     00000253  A$lcc2791 |    00000254  A$lcc2791 |    00000257  A$lcc2791
     00000258  A$lcc2791 |    00000259  A$lcc2791 |    0000025A  A$lcc2791
     0000025C  A$lcc2791 |    0000025D  A$lcc2791 |    0000025E  A$lcc2791
     0000025F  A$lcc2791 |    00000261  A$lcc2791 |    00000262  A$lcc2791
     00000263  A$lcc2791 |    00000264  A$lcc2791 |    00000265  A$lcc2791
     00000266  A$lcc2791 |    00000268  A$lcc2791 |    00000269  A$lcc2791
     0000026B  A$lcc2791 |    0000026C  A$lcc2791 |    0000026D  A$lcc2791
     0000026E  A$lcc2791 |    0000026F  A$lcc2791 |    00000271  A$lcc2791
     00000272  A$lcc2791 |    00000273  A$lcc2791 |    00000275  A$lcc2791
     00000276  A$lcc2791 |    00000277  A$lcc2791 |    00000278  A$lcc2791
     0000027B  A$lcc2791 |    0000027C  A$lcc2791 |    0000027D  A$lcc2791
     0000027E  A$lcc2791 |    0000027F  A$lcc2791 |    00000280  A$lcc2791
     00000282  A$lcc2791 |    00000283  A$lcc2791 |    00000284  A$lcc2791
     00000285  A$lcc2791 |    00000286  A$lcc2791 |    00000289  A$lcc2791
     0000028A  A$lcc2791 |    0000028B  A$lcc2791 |    0000028C  A$lcc2791
     0000028D  A$lcc2791 |    0000028E  A$lcc2791 |    00000290  A$lcc2791
     00000291  A$lcc2791 |    00000292  A$lcc2791 |    00000294  A$lcc2791
     00000295  A$lcc2791 |    00000297  A$lcc2791 |    00000298  A$lcc2791
     00000299  A$lcc2791 |    0000029A  A$lcc2791 |    0000029B  A$lcc2791
     0000029C  A$lcc2791 |    0000029D  A$lcc2791 |    0000029E  A$lcc2791
     0000029F  A$lcc2791 |    000002A1  A$lcc2791 |    000002A2  A$lcc2791
     000002A3  A$lcc2791 |    000002A4  A$lcc2791 |    000002A6  A$lcc2791
     000002A7  A$lcc2791 |    000002A7  C$main.c$ |    000002A9  A$lcc2791
     000002AA  A$lcc2791 |    000002AB  A$lcc2791 |    000002AC  A$lcc2791
     000002AF  A$lcc2791 |    000002B0  A$lcc2791 |    000002B1  A$lcc2791
     000002B2  A$lcc2791 |    000002B4  A$lcc2791 |    000002B5  A$lcc2791
     000002B6  A$lcc2791 |    000002B7  A$lcc2791 |    000002B9  A$lcc2791
ASxxxx Linker V03.00 + NoICE + sdld,  page 4.
Hexadecimal  [32-Bits]

Area                       Addr        Size        Decimal Bytes (Attributes)
--------------------       ----        ----        ------- ----- ------------
_CODE                  00000200    000021C1 =        8641. bytes (REL,CON)

        Value  Global            Value  Global            Value  Global    
        -----  ------            -----  ------            -----  ------    
     000002BA  A$lcc2791 |    000002BB  A$lcc2791 |    000002BC  A$lcc2791
     000002BD  A$lcc2791 |    000002BE  A$lcc2791 |    000002BF  A$lcc2791
     000002C0  A$lcc2791 |    000002C1  A$lcc2791 |    000002C3  A$lcc2791
     000002C4  A$lcc2791 |    000002C5  A$lcc2791 |    000002C6  A$lcc2791
     000002C8  A$lcc2791 |    000002C9  A$lcc2791 |    000002C9  C$main.c$
     000002CB  A$lcc2791 |    000002CC  A$lcc2791 |    000002CD  A$lcc2791
     000002CF  A$lcc2791 |    000002D0  A$lcc2791 |    000002D2  A$lcc2791
     000002D3  A$lcc2791 |    000002D4  A$lcc2791 |    000002D5  A$lcc2791
     000002D6  A$lcc2791 |    000002D7  A$lcc2791 |    000002D8  A$lcc2791
     000002D9  A$lcc2791 |    000002DA  A$lcc2791 |    000002DB  A$lcc2791
     000002DC  A$lcc2791 |    000002DE  A$lcc2791 |    000002DF  A$lcc2791
     000002E0  A$lcc2791 |    000002E1  A$lcc2791 |    000002E3  A$lcc2791
     000002E4  A$lcc2791 |    000002E6  A$lcc2791 |    000002E7  A$lcc2791
     000002E8  A$lcc2791 |    000002E9  A$lcc2791 |    000002EA  A$lcc2791
     000002EB  A$lcc2791 |    000002EC  A$lcc2791 |    000002ED  A$lcc2791
     000002EE  A$lcc2791 |    000002EF  A$lcc2791 |    000002F0  A$lcc2791
     000002F1  A$lcc2791 |    000002F2  A$lcc2791 |    000002F4  A$lcc2791
     000002F5  A$lcc2791 |    000002F6  A$lcc2791 |    000002F7  A$lcc2791
     000002F8  A$lcc2791 |    000002F9  A$lcc2791 |    000002FA  A$lcc2791
     000002FB  A$lcc2791 |    000002FC  A$lcc2791 |    000002FD  A$lcc2791
     000002FE  A$lcc2791 |    000002FF  A$lcc2791 |    00000300  A$lcc2791
     00000302  A$lcc2791 |    00000303  A$lcc2791 |    00000304  A$lcc2791
     00000305  A$lcc2791 |    00000307  A$lcc2791 |    00000308  A$lcc2791
     00000308  C$main.c$ |    0000030A  A$lcc2791 |    0000030B  A$lcc2791
     0000030C  A$lcc2791 |    0000030E  A$lcc2791 |    0000030F  A$lcc2791
     00000311  A$lcc2791 |    00000312  A$lcc2791 |    00000313  A$lcc2791
     00000314  A$lcc2791 |    00000317  A$lcc2791 |    00000318  A$lcc2791
     00000319  A$lcc2791 |    0000031A  A$lcc2791 |    0000031C  A$lcc2791
     0000031D  A$lcc2791 |    0000031E  A$lcc2791 |    0000031F  A$lcc2791
     00000321  A$lcc2791 |    00000322  A$lcc2791 |    00000322  C$main.c$
     00000324  A$lcc2791 |    00000325  A$lcc2791 |    00000326  A$lcc2791
     00000327  A$lcc2791 |    0000032A  A$lcc2791 |    0000032B  A$lcc2791
     0000032C  A$lcc2791 |    0000032D  A$lcc2791 |    0000032F  A$lcc2791
     00000330  A$lcc2791 |    00000331  A$lcc2791 |    00000332  A$lcc2791
     00000334  A$lcc2791 |    00000335  A$lcc2791 |    00000337  A$lcc2791
     00000338  A$lcc2791 |    00000339  A$lcc2791 |    0000033A  A$lcc2791
     0000033B  A$lcc2791 |    0000033C  A$lcc2791 |    0000033D  A$lcc2791
     0000033F  A$lcc2791 |    00000340  A$lcc2791 |    00000341  A$lcc2791
     00000342  A$lcc2791 |    00000344  A$lcc2791 |    00000345  A$lcc2791
     00000346  A$lcc2791 |    00000347  A$lcc2791 |    00000348  A$lcc2791
     00000349  A$lcc2791 |    0000034A  A$lcc2791 |    0000034C  A$lcc2791
     0000034D  A$lcc2791 |    0000034E  A$lcc2791 |    0000034F  A$lcc2791
     00000351  A$lcc2791 |    00000352  A$lcc2791 |    00000353  A$lcc2791
     00000354  A$lcc2791 |    00000355  A$lcc2791 |    00000356  A$lcc2791
     00000357  A$lcc2791 |    00000358  A$lcc2791 |    00000359  A$lcc2791
     0000035B  A$lcc2791 |    0000035C  A$lcc2791 |    0000035D  A$lcc2791
     0000035E  A$lcc2791 |    00000360  A$lcc2791 |    00000361  A$lcc2791
     00000363  A$lcc2791 |    00000364  A$lcc2791 |    00000365  A$lcc2791
     00000366  A$lcc2791 |    00000367  A$lcc2791 |    00000368  A$lcc2791
     00000369  A$lcc2791 |    0000036A  A$lcc2791 |    0000036B  A$lcc2791
     0000036C  A$lcc2791 |    0000036D  A$lcc2791 |    0000036F  A$lcc2791
ASxxxx Linker V03.00 + NoICE + sdld,  page 5.
Hexadecimal  [32-Bits]

Area                       Addr        Size        Decimal Bytes (Attributes)
--------------------       ----        ----        ------- ----- ------------
_CODE                  00000200    000021C1 =        8641. bytes (REL,CON)

        Value  Global            Value  Global            Value  Global    
        -----  ------            -----  ------            -----  ------    
     00000370  A$lcc2791 |    00000371  A$lcc2791 |    00000372  A$lcc2791
     00000374  A$lcc2791 |    00000374  C$main.c$ |    00000375  A$lcc2791
     00000376  A$lcc2791 |    00000377  A$lcc2791 |    00000378  A$lcc2791
     00000379  A$lcc2791 |    0000037A  A$lcc2791 |    0000037D  A$lcc2791
     0000037E  A$lcc2791 |    0000037F  A$lcc2791 |    00000380  A$lcc2791
     00000382  A$lcc2791 |    00000383  A$lcc2791 |    00000384  A$lcc2791
     00000385  A$lcc2791 |    00000387  A$lcc2791 |    00000388  A$lcc2791
     00000388  C$main.c$ |    0000038A  A$lcc2791 |    0000038B  A$lcc2791
     0000038D  A$lcc2791 |    0000038E  A$lcc2791 |    00000390  A$lcc2791
     00000391  A$lcc2791 |    00000393  A$lcc2791 |    00000394  A$lcc2791
     00000394  C$main.c$ |    00000396  A$lcc2791 |    00000397  A$lcc2791
     00000398  A$lcc2791 |    00000399  A$lcc2791 |    0000039C  A$lcc2791
     0000039D  A$lcc2791 |    0000039E  A$lcc2791 |    0000039F  A$lcc2791
     000003A1  A$lcc2791 |    000003A2  A$lcc2791 |    000003A3  A$lcc2791
     000003A4  A$lcc2791 |    000003A6  A$lcc2791 |    000003A7  A$lcc2791
     000003A7  C$main.c$ |    000003A9  A$lcc2791 |    000003AA  A$lcc2791
     000003AC  A$lcc2791 |    000003AD  A$lcc2791 |    000003AF  A$lcc2791
     000003B0  A$lcc2791 |    000003B2  A$lcc2791 |    000003B3  A$lcc2791
     000003B3  C$main.c$ |    000003B5  A$lcc2791 |    000003B6  A$lcc2791
     000003B8  A$lcc2791 |    000003B9  A$lcc2791 |    000003BB  A$lcc2791
     000003BC  A$lcc2791 |    000003BE  A$lcc2791 |    000003BF  A$lcc2791
     000003BF  C$main.c$ |    000003C1  A$lcc2791 |    000003C2  A$lcc2791
     000003C4  A$lcc2791 |    000003C5  A$lcc2791 |    000003C7  A$lcc2791
     000003C8  A$lcc2791 |    000003CA  A$lcc2791 |    000003CB  A$lcc2791
     000003CB  C$main.c$ |    000003CD  A$lcc2791 |    000003CE  A$lcc2791
     000003CF  A$lcc2791 |    000003D1  A$lcc2791 |    000003D3  A$lcc2791
     000003D4  A$lcc2791 |    000003D6  A$lcc2791 |    000003D9  A$lcc2791
     000003DB  A$lcc2791 |    000003DC  A$lcc2791 |    000003DE  A$lcc2791
     000003E1  A$lcc2791 |    000003E4  A$lcc2791 |    000003E4  C$main.c$
     000003E6  A$lcc2791 |    000003E7  A$lcc2791 |    000003E8  A$lcc2791
     000003E9  A$lcc2791 |    000003EA  A$lcc2791 |    000003EC  A$lcc2791
     000003ED  A$lcc2791 |    000003ED  C$main.c$ |    000003EF  A$lcc2791
     000003F0  A$lcc2791 |    000003F1  A$lcc2791 |    000003F2  A$lcc2791
     000003F3  A$lcc2791 |    000003F4  A$lcc2791 |    000003F5  A$lcc2791
     000003F7  A$lcc2791 |    000003F8  A$lcc2791 |    000003F8  C$main.c$
     000003FA  A$lcc2791 |    000003FB  A$lcc2791 |    000003FD  A$lcc2791
     000003FF  A$lcc2791 |    00000400  A$lcc2791 |    00000400  C$main.c$
     00000402  A$lcc2791 |    00000403  A$lcc2791 |    00000405  A$lcc2791
     00000407  A$lcc2791 |    00000408  A$lcc2791 |    00000408  C$main.c$
     0000040A  A$lcc2791 |    0000040B  A$lcc2791 |    0000040D  A$lcc2791
     0000040F  A$lcc2791 |    00000410  A$lcc2791 |    00000410  C$main.c$
     00000412  A$lcc2791 |    00000413  A$lcc2791 |    00000414  A$lcc2791
     00000416  A$lcc2791 |    00000416  C$main.c$ |    00000417  A$lcc2791
     00000418  A$lcc2791 |    00000419  A$lcc2791 |    0000041B  A$lcc2791
     0000041B  C$main.c$ |    0000041C  A$lcc2791 |    0000041D  A$lcc2791
     0000041F  A$lcc2791 |    00000420  A$lcc2791 |    00000420  C$main.c$
     00000422  A$lcc2791 |    00000423  A$lcc2791 |    00000424  A$lcc2791
     00000426  A$lcc2791 |    00000428  A$lcc2791 |    00000429  A$lcc2791
     0000042A  A$lcc2791 |    0000042D  A$lcc2791 |    0000042F  A$lcc2791
     00000430  A$lcc2791 |    00000432  A$lcc2791 |    00000435  A$lcc2791
     00000437  A$lcc2791 |    00000438  A$lcc2791 |    0000043A  A$lcc2791
ASxxxx Linker V03.00 + NoICE + sdld,  page 6.
Hexadecimal  [32-Bits]

Area                       Addr        Size        Decimal Bytes (Attributes)
--------------------       ----        ----        ------- ----- ------------
_CODE                  00000200    000021C1 =        8641. bytes (REL,CON)

        Value  Global            Value  Global            Value  Global    
        -----  ------            -----  ------            -----  ------    
     0000043D  A$lcc2791 |    00000440  A$lcc2791 |    00000440  C$main.c$
     00000440  C$main.c$ |    00000442  A$lcc2791 |    00000444  A$lcc2791
     00000446  A$lcc2791 |    00000447  A$lcc2791 |    00000448  A$lcc2791
     00000449  A$lcc2791 |    0000044A  A$lcc2791 |    0000044B  A$lcc2791
     0000044D  A$lcc2791 |    0000044D  C$main.c$ |    0000044F  A$lcc2791
     00000450  A$lcc2791 |    00000451  A$lcc2791 |    00000452  A$lcc2791
     00000455  A$lcc2791 |    00000457  A$lcc2791 |    00000458  A$lcc2791
     00000459  A$lcc2791 |    0000045A  A$lcc2791 |    0000045B  A$lcc2791
     0000045C  A$lcc2791 |    0000045F  A$lcc2791 |    00000460  A$lcc2791
     00000461  A$lcc2791 |    00000462  A$lcc2791 |    00000465  A$lcc2791
     00000466  A$lcc2791 |    00000466  C$main.c$ |    00000467  A$lcc2791
     00000468  A$lcc2791 |    00000469  A$lcc2791 |    0000046A  A$lcc2791
     0000046C  A$lcc2791 |    0000046D  A$lcc2791 |    0000046E  A$lcc2791
     0000046E  C$main.c$ |    00000471  A$lcc2791 |    00000473  A$lcc2791
     00000474  A$lcc2791 |    00000475  A$lcc2791 |    00000476  A$lcc2791
     00000477  A$lcc2791 |    00000478  A$lcc2791 |    00000479  A$lcc2791
     0000047C  A$lcc2791 |    0000047D  A$lcc2791 |    00000480  A$lcc2791
     00000480  C$main.c$ |    00000482  A$lcc2791 |    00000483  A$lcc2791
     00000484  A$lcc2791 |    00000485  A$lcc2791 |    00000486  A$lcc2791
     00000487  A$lcc2791 |    00000488  A$lcc2791 |    00000489  A$lcc2791
     0000048A  A$lcc2791 |    0000048B  A$lcc2791 |    0000048C  A$lcc2791
     0000048D  A$lcc2791 |    0000048E  A$lcc2791 |    00000490  A$lcc2791
     00000491  A$lcc2791 |    00000492  A$lcc2791 |    00000493  A$lcc2791
     00000495  A$lcc2791 |    00000496  A$lcc2791 |    00000499  A$lcc2791
     0000049A  A$lcc2791 |    0000049B  A$lcc2791 |    0000049C  A$lcc2791
     0000049D  A$lcc2791 |    0000049E  A$lcc2791 |    0000049F  A$lcc2791
     000004A0  A$lcc2791 |    000004A1  A$lcc2791 |    000004A3  A$lcc2791
     000004A3  C$main.c$ |    000004A6  A$lcc2791 |    000004A8  A$lcc2791
     000004A9  A$lcc2791 |    000004AA  A$lcc2791 |    000004AB  A$lcc2791
     000004AC  A$lcc2791 |    000004AD  A$lcc2791 |    000004B0  A$lcc2791
     000004B1  A$lcc2791 |    000004B2  A$lcc2791 |    000004B4  A$lcc2791
     000004B5  A$lcc2791 |    000004B7  A$lcc2791 |    000004B8  A$lcc2791
     000004B9  A$lcc2791 |    000004BC  A$lcc2791 |    000004BD  A$lcc2791
     000004BD  C$main.c$ |    000004BE  A$lcc2791 |    000004BF  A$lcc2791
     000004C0  A$lcc2791 |    000004C1  A$lcc2791 |    000004C3  A$lcc2791
     000004C4  A$lcc2791 |    000004C5  A$lcc2791 |    000004C5  C$main.c$
     000004C8  A$lcc2791 |    000004CA  A$lcc2791 |    000004CB  A$lcc2791
     000004CC  A$lcc2791 |    000004CD  A$lcc2791 |    000004CE  A$lcc2791
     000004CF  A$lcc2791 |    000004D2  A$lcc2791 |    000004D3  A$lcc2791
     000004D4  A$lcc2791 |    000004D6  A$lcc2791 |    000004D7  A$lcc2791
     000004D9  A$lcc2791 |    000004DA  A$lcc2791 |    000004DB  A$lcc2791
     000004DE  A$lcc2791 |    000004DF  A$lcc2791 |    000004DF  C$main.c$
     000004E0  A$lcc2791 |    000004E1  A$lcc2791 |    000004E2  A$lcc2791
     000004E3  A$lcc2791 |    000004E5  A$lcc2791 |    000004E6  A$lcc2791
     000004E7  A$lcc2791 |    000004E7  C$main.c$ |    000004EA  A$lcc2791
     000004EC  A$lcc2791 |    000004ED  A$lcc2791 |    000004EE  A$lcc2791
     000004EF  A$lcc2791 |    000004F0  A$lcc2791 |    000004F1  A$lcc2791
     000004F2  A$lcc2791 |    000004F5  A$lcc2791 |    000004F6  A$lcc2791
     000004F9  A$lcc2791 |    000004FB  A$lcc2791 |    000004FC  A$lcc2791
     000004FD  A$lcc2791 |    000004FE  A$lcc2791 |    000004FF  A$lcc2791
     00000500  A$lcc2791 |    00000501  A$lcc2791 |    00000502  A$lcc2791
ASxxxx Linker V03.00 + NoICE + sdld,  page 7.
Hexadecimal  [32-Bits]

Area                       Addr        Size        Decimal Bytes (Attributes)
--------------------       ----        ----        ------- ----- ------------
_CODE                  00000200    000021C1 =        8641. bytes (REL,CON)

        Value  Global            Value  Global            Value  Global    
        -----  ------            -----  ------            -----  ------    
     00000503  A$lcc2791 |    00000504  A$lcc2791 |    00000505  A$lcc2791
     00000506  A$lcc2791 |    00000507  A$lcc2791 |    00000508  A$lcc2791
     0000050A  A$lcc2791 |    0000050B  A$lcc2791 |    0000050C  A$lcc2791
     0000050D  A$lcc2791 |    0000050F  A$lcc2791 |    00000510  A$lcc2791
     00000513  A$lcc2791 |    00000515  A$lcc2791 |    00000516  A$lcc2791
     00000517  A$lcc2791 |    00000518  A$lcc2791 |    00000519  A$lcc2791
     0000051A  A$lcc2791 |    0000051B  A$lcc2791 |    0000051D  A$lcc2791
     0000051E  A$lcc2791 |    0000051F  A$lcc2791 |    00000520  A$lcc2791
     00000522  A$lcc2791 |    00000523  A$lcc2791 |    00000524  A$lcc2791
     00000525  A$lcc2791 |    00000526  A$lcc2791 |    00000527  A$lcc2791
     00000527  C$main.c$ |    00000529  A$lcc2791 |    0000052A  A$lcc2791
     0000052B  A$lcc2791 |    0000052C  A$lcc2791 |    0000052C  C$main.c$
     0000052D  A$lcc2791 |    0000052F  A$lcc2791 |    0000052F  C$main.c$
     00000532  A$lcc2791 |    00000534  A$lcc2791 |    00000535  A$lcc2791
     00000536  A$lcc2791 |    00000537  A$lcc2791 |    00000538  A$lcc2791
     00000539  A$lcc2791 |    0000053C  A$lcc2791 |    0000053D  A$lcc2791
     0000053E  A$lcc2791 |    00000540  A$lcc2791 |    00000541  A$lcc2791
     00000543  A$lcc2791 |    00000544  A$lcc2791 |    00000545  A$lcc2791
     00000548  A$lcc2791 |    00000549  A$lcc2791 |    00000549  C$main.c$
     0000054A  A$lcc2791 |    0000054B  A$lcc2791 |    0000054C  A$lcc2791
     0000054D  A$lcc2791 |    0000054F  A$lcc2791 |    00000550  A$lcc2791
     00000551  A$lcc2791 |    00000551  C$main.c$ |    00000554  A$lcc2791
     00000556  A$lcc2791 |    00000557  A$lcc2791 |    00000558  A$lcc2791
     00000559  A$lcc2791 |    0000055A  A$lcc2791 |    0000055B  A$lcc2791
     0000055E  A$lcc2791 |    0000055F  A$lcc2791 |    00000560  A$lcc2791
     00000562  A$lcc2791 |    00000563  A$lcc2791 |    00000565  A$lcc2791
     00000566  A$lcc2791 |    00000567  A$lcc2791 |    0000056A  A$lcc2791
     0000056B  A$lcc2791 |    0000056B  C$main.c$ |    0000056C  A$lcc2791
     0000056D  A$lcc2791 |    0000056E  A$lcc2791 |    0000056F  A$lcc2791
     00000571  A$lcc2791 |    00000572  A$lcc2791 |    00000573  A$lcc2791
     00000573  C$main.c$ |    00000576  A$lcc2791 |    00000578  A$lcc2791
     00000579  A$lcc2791 |    0000057A  A$lcc2791 |    0000057B  A$lcc2791
     0000057C  A$lcc2791 |    0000057D  A$lcc2791 |    00000580  A$lcc2791
     00000581  A$lcc2791 |    00000582  A$lcc2791 |    00000584  A$lcc2791
     00000585  A$lcc2791 |    00000587  A$lcc2791 |    00000588  A$lcc2791
     00000589  A$lcc2791 |    0000058C  A$lcc2791 |    0000058D  A$lcc2791
     0000058D  C$main.c$ |    0000058E  A$lcc2791 |    0000058F  A$lcc2791
     00000590  A$lcc2791 |    00000591  A$lcc2791 |    00000593  A$lcc2791
     00000594  A$lcc2791 |    00000595  A$lcc2791 |    00000595  C$main.c$
     00000598  A$lcc2791 |    0000059A  A$lcc2791 |    0000059B  A$lcc2791
     0000059C  A$lcc2791 |    0000059D  A$lcc2791 |    0000059E  A$lcc2791
     0000059F  A$lcc2791 |    000005A0  A$lcc2791 |    000005A3  A$lcc2791
     000005A4  A$lcc2791 |    000005A7  A$lcc2791 |    000005A9  A$lcc2791
     000005AA  A$lcc2791 |    000005AB  A$lcc2791 |    000005AC  A$lcc2791
     000005AF  A$lcc2791 |    000005B0  A$lcc2791 |    000005B1  A$lcc2791
     000005B2  A$lcc2791 |    000005B3  A$lcc2791 |    000005B4  A$lcc2791
     000005B5  A$lcc2791 |    000005B6  A$lcc2791 |    000005B7  A$lcc2791
     000005B9  A$lcc2791 |    000005BA  A$lcc2791 |    000005BB  A$lcc2791
     000005BC  A$lcc2791 |    000005BE  A$lcc2791 |    000005BF  A$lcc2791
     000005C2  A$lcc2791 |    000005C3  A$lcc2791 |    000005C4  A$lcc2791
     000005C5  A$lcc2791 |    000005C6  A$lcc2791 |    000005C7  A$lcc2791
ASxxxx Linker V03.00 + NoICE + sdld,  page 8.
Hexadecimal  [32-Bits]

Area                       Addr        Size        Decimal Bytes (Attributes)
--------------------       ----        ----        ------- ----- ------------
_CODE                  00000200    000021C1 =        8641. bytes (REL,CON)

        Value  Global            Value  Global            Value  Global    
        -----  ------            -----  ------            -----  ------    
     000005C8  A$lcc2791 |    000005C9  A$lcc2791 |    000005C9  C$main.c$
     000005CA  A$lcc2791 |    000005CC  A$lcc2791 |    000005CD  A$lcc2791
     000005CF  A$lcc2791 |    000005D0  A$lcc2791 |    000005D2  A$lcc2791
     000005D3  A$lcc2791 |    000005D5  A$lcc2791 |    000005D6  A$lcc2791
     000005D7  A$lcc2791 |    000005D7  C$main.c$ |    000005D8  A$lcc2791
     000005DB  A$lcc2791 |    000005DB  C$main.c$ |    000005DE  A$lcc2791
     000005E0  A$lcc2791 |    000005E1  A$lcc2791 |    000005E2  A$lcc2791
     000005E3  A$lcc2791 |    000005E4  A$lcc2791 |    000005E5  A$lcc2791
     000005E8  A$lcc2791 |    000005E9  A$lcc2791 |    000005EA  A$lcc2791
     000005EC  A$lcc2791 |    000005ED  A$lcc2791 |    000005EF  A$lcc2791
     000005F0  A$lcc2791 |    000005F1  A$lcc2791 |    000005F4  A$lcc2791
     000005F5  A$lcc2791 |    000005F5  C$main.c$ |    000005F6  A$lcc2791
     000005F7  A$lcc2791 |    000005F8  A$lcc2791 |    000005F9  A$lcc2791
     000005FB  A$lcc2791 |    000005FC  A$lcc2791 |    000005FD  A$lcc2791
     000005FD  C$main.c$ |    00000600  A$lcc2791 |    00000602  A$lcc2791
     00000603  A$lcc2791 |    00000604  A$lcc2791 |    00000605  A$lcc2791
     00000606  A$lcc2791 |    00000607  A$lcc2791 |    0000060A  A$lcc2791
     0000060B  A$lcc2791 |    0000060C  A$lcc2791 |    0000060E  A$lcc2791
     0000060F  A$lcc2791 |    00000611  A$lcc2791 |    00000612  A$lcc2791
     00000613  A$lcc2791 |    00000616  A$lcc2791 |    00000617  A$lcc2791
     00000617  C$main.c$ |    00000618  A$lcc2791 |    00000619  A$lcc2791
     0000061A  A$lcc2791 |    0000061B  A$lcc2791 |    0000061D  A$lcc2791
     0000061E  A$lcc2791 |    0000061F  A$lcc2791 |    0000061F  C$main.c$
     00000622  A$lcc2791 |    00000624  A$lcc2791 |    00000625  A$lcc2791
     00000626  A$lcc2791 |    00000627  A$lcc2791 |    00000628  A$lcc2791
     00000629  A$lcc2791 |    0000062C  A$lcc2791 |    0000062D  A$lcc2791
     0000062E  A$lcc2791 |    00000630  A$lcc2791 |    00000631  A$lcc2791
     00000633  A$lcc2791 |    00000634  A$lcc2791 |    00000635  A$lcc2791
     00000638  A$lcc2791 |    00000639  A$lcc2791 |    00000639  C$main.c$
     0000063A  A$lcc2791 |    0000063B  A$lcc2791 |    0000063C  A$lcc2791
     0000063D  A$lcc2791 |    0000063F  A$lcc2791 |    00000640  A$lcc2791
     00000641  A$lcc2791 |    00000641  C$main.c$ |    00000644  A$lcc2791
     00000646  A$lcc2791 |    00000647  A$lcc2791 |    00000648  A$lcc2791
     00000649  A$lcc2791 |    0000064A  A$lcc2791 |    0000064B  A$lcc2791
     0000064E  A$lcc2791 |    0000064F  A$lcc2791 |    00000650  A$lcc2791
     00000652  A$lcc2791 |    00000653  A$lcc2791 |    00000655  A$lcc2791
     00000656  A$lcc2791 |    00000657  A$lcc2791 |    0000065A  A$lcc2791
     0000065B  A$lcc2791 |    0000065B  C$main.c$ |    0000065C  A$lcc2791
     0000065D  A$lcc2791 |    0000065E  A$lcc2791 |    0000065F  A$lcc2791
     00000661  A$lcc2791 |    00000662  A$lcc2791 |    00000663  A$lcc2791
     00000663  C$main.c$ |    00000666  A$lcc2791 |    00000668  A$lcc2791
     00000669  A$lcc2791 |    0000066A  A$lcc2791 |    0000066B  A$lcc2791
     0000066C  A$lcc2791 |    0000066D  A$lcc2791 |    0000066E  A$lcc2791
     00000671  A$lcc2791 |    00000672  A$lcc2791 |    00000675  A$lcc2791
     00000677  A$lcc2791 |    00000678  A$lcc2791 |    00000679  A$lcc2791
     0000067A  A$lcc2791 |    0000067D  A$lcc2791 |    0000067E  A$lcc2791
     0000067F  A$lcc2791 |    00000680  A$lcc2791 |    00000682  A$lcc2791
     00000683  A$lcc2791 |    00000684  A$lcc2791 |    00000685  A$lcc2791
     00000687  A$lcc2791 |    00000688  A$lcc2791 |    00000689  A$lcc2791
     0000068A  A$lcc2791 |    0000068B  A$lcc2791 |    0000068C  A$lcc2791
     0000068D  A$lcc2791 |    0000068E  A$lcc2791 |    0000068F  A$lcc2791
ASxxxx Linker V03.00 + NoICE + sdld,  page 9.
Hexadecimal  [32-Bits]

Area                       Addr        Size        Decimal Bytes (Attributes)
--------------------       ----        ----        ------- ----- ------------
_CODE                  00000200    000021C1 =        8641. bytes (REL,CON)

        Value  Global            Value  Global            Value  Global    
        -----  ------            -----  ------            -----  ------    
     00000690  A$lcc2791 |    00000691  A$lcc2791 |    00000692  A$lcc2791
     00000694  A$lcc2791 |    00000695  A$lcc2791 |    00000696  A$lcc2791
     00000697  A$lcc2791 |    00000699  A$lcc2791 |    0000069A  A$lcc2791
     0000069D  A$lcc2791 |    0000069E  A$lcc2791 |    0000069F  A$lcc2791
     000006A0  A$lcc2791 |    000006A1  A$lcc2791 |    000006A2  A$lcc2791
     000006A3  A$lcc2791 |    000006A5  A$lcc2791 |    000006A6  A$lcc2791
     000006A7  A$lcc2791 |    000006A8  A$lcc2791 |    000006AA  A$lcc2791
     000006AB  A$lcc2791 |    000006AC  A$lcc2791 |    000006AD  A$lcc2791
     000006AE  A$lcc2791 |    000006AF  A$lcc2791 |    000006AF  C$main.c$
     000006B1  A$lcc2791 |    000006B2  A$lcc2791 |    000006B3  A$lcc2791
     000006B4  A$lcc2791 |    000006B4  C$main.c$ |    000006B5  A$lcc2791
     000006B8  A$lcc2791 |    000006B8  C$main.c$ |    000006BB  A$lcc2791
     000006BD  A$lcc2791 |    000006BE  A$lcc2791 |    000006BF  A$lcc2791
     000006C0  A$lcc2791 |    000006C1  A$lcc2791 |    000006C2  A$lcc2791
     000006C5  A$lcc2791 |    000006C6  A$lcc2791 |    000006C7  A$lcc2791
     000006C9  A$lcc2791 |    000006CA  A$lcc2791 |    000006CC  A$lcc2791
     000006CD  A$lcc2791 |    000006CE  A$lcc2791 |    000006D1  A$lcc2791
     000006D2  A$lcc2791 |    000006D2  C$main.c$ |    000006D3  A$lcc2791
     000006D4  A$lcc2791 |    000006D5  A$lcc2791 |    000006D6  A$lcc2791
     000006D8  A$lcc2791 |    000006D9  A$lcc2791 |    000006DA  A$lcc2791
     000006DA  C$main.c$ |    000006DD  A$lcc2791 |    000006DF  A$lcc2791
     000006E0  A$lcc2791 |    000006E1  A$lcc2791 |    000006E2  A$lcc2791
     000006E3  A$lcc2791 |    000006E4  A$lcc2791 |    000006E7  A$lcc2791
     000006E8  A$lcc2791 |    000006E9  A$lcc2791 |    000006EB  A$lcc2791
     000006EC  A$lcc2791 |    000006EE  A$lcc2791 |    000006EF  A$lcc2791
     000006F0  A$lcc2791 |    000006F3  A$lcc2791 |    000006F4  A$lcc2791
     000006F4  C$main.c$ |    000006F5  A$lcc2791 |    000006F6  A$lcc2791
     000006F7  A$lcc2791 |    000006F8  A$lcc2791 |    000006FA  A$lcc2791
     000006FB  A$lcc2791 |    000006FC  A$lcc2791 |    000006FC  C$main.c$
     000006FF  A$lcc2791 |    00000701  A$lcc2791 |    00000702  A$lcc2791
     00000703  A$lcc2791 |    00000704  A$lcc2791 |    00000705  A$lcc2791
     00000706  A$lcc2791 |    00000709  A$lcc2791 |    0000070A  A$lcc2791
     0000070B  A$lcc2791 |    0000070D  A$lcc2791 |    0000070E  A$lcc2791
     00000710  A$lcc2791 |    00000711  A$lcc2791 |    00000712  A$lcc2791
     00000715  A$lcc2791 |    00000716  A$lcc2791 |    00000716  C$main.c$
     00000717  A$lcc2791 |    00000718  A$lcc2791 |    00000719  A$lcc2791
     0000071A  A$lcc2791 |    0000071C  A$lcc2791 |    0000071D  A$lcc2791
     0000071E  A$lcc2791 |    0000071E  C$main.c$ |    00000721  A$lcc2791
     00000723  A$lcc2791 |    00000724  A$lcc2791 |    00000725  A$lcc2791
     00000726  A$lcc2791 |    00000727  A$lcc2791 |    00000728  A$lcc2791
     0000072B  A$lcc2791 |    0000072C  A$lcc2791 |    0000072D  A$lcc2791
     0000072F  A$lcc2791 |    00000730  A$lcc2791 |    00000732  A$lcc2791
     00000733  A$lcc2791 |    00000734  A$lcc2791 |    00000737  A$lcc2791
     00000738  A$lcc2791 |    00000738  C$main.c$ |    00000739  A$lcc2791
     0000073A  A$lcc2791 |    0000073B  A$lcc2791 |    0000073C  A$lcc2791
     0000073E  A$lcc2791 |    0000073F  A$lcc2791 |    00000740  A$lcc2791
     00000740  C$main.c$ |    00000743  A$lcc2791 |    00000745  A$lcc2791
     00000746  A$lcc2791 |    00000747  A$lcc2791 |    00000748  A$lcc2791
     00000749  A$lcc2791 |    0000074A  A$lcc2791 |    0000074D  A$lcc2791
     0000074E  A$lcc2791 |    0000074F  A$lcc2791 |    00000751  A$lcc2791
     00000752  A$lcc2791 |    00000754  A$lcc2791 |    00000755  A$lcc2791
ASxxxx Linker V03.00 + NoICE + sdld,  page 10.
Hexadecimal  [32-Bits]

Area                       Addr        Size        Decimal Bytes (Attributes)
--------------------       ----        ----        ------- ----- ------------
_CODE                  00000200    000021C1 =        8641. bytes (REL,CON)

        Value  Global            Value  Global            Value  Global    
        -----  ------            -----  ------            -----  ------    
     00000756  A$lcc2791 |    00000759  A$lcc2791 |    0000075A  A$lcc2791
     0000075A  C$main.c$ |    0000075B  A$lcc2791 |    0000075C  A$lcc2791
     0000075D  A$lcc2791 |    0000075E  A$lcc2791 |    00000760  A$lcc2791
     00000761  A$lcc2791 |    00000762  A$lcc2791 |    00000762  C$main.c$
     00000765  A$lcc2791 |    00000767  A$lcc2791 |    00000768  A$lcc2791
     00000769  A$lcc2791 |    0000076A  A$lcc2791 |    0000076B  A$lcc2791
     0000076C  A$lcc2791 |    0000076D  A$lcc2791 |    00000770  A$lcc2791
     00000771  A$lcc2791 |    00000774  A$lcc2791 |    00000776  A$lcc2791
     00000777  A$lcc2791 |    00000778  A$lcc2791 |    00000779  A$lcc2791
     0000077C  A$lcc2791 |    0000077D  A$lcc2791 |    0000077E  A$lcc2791
     0000077F  A$lcc2791 |    00000780  A$lcc2791 |    00000781  A$lcc2791
     00000782  A$lcc2791 |    00000783  A$lcc2791 |    00000784  A$lcc2791
     00000786  A$lcc2791 |    00000787  A$lcc2791 |    00000788  A$lcc2791
     00000789  A$lcc2791 |    0000078B  A$lcc2791 |    0000078C  A$lcc2791
     0000078F  A$lcc2791 |    00000790  A$lcc2791 |    00000791  A$lcc2791
     00000792  A$lcc2791 |    00000793  A$lcc2791 |    00000794  A$lcc2791
     00000795  A$lcc2791 |    00000796  A$lcc2791 |    00000796  C$main.c$
     00000797  A$lcc2791 |    00000799  A$lcc2791 |    0000079A  A$lcc2791
     0000079C  A$lcc2791 |    0000079D  A$lcc2791 |    0000079F  A$lcc2791
     000007A0  A$lcc2791 |    000007A2  A$lcc2791 |    000007A3  A$lcc2791
     000007A4  A$lcc2791 |    000007A4  C$main.c$ |    000007A5  A$lcc2791
     000007A8  A$lcc2791 |    000007A8  C$main.c$ |    000007AB  A$lcc2791
     000007AD  A$lcc2791 |    000007AE  A$lcc2791 |    000007AF  A$lcc2791
     000007B0  A$lcc2791 |    000007B1  A$lcc2791 |    000007B2  A$lcc2791
     000007B5  A$lcc2791 |    000007B6  A$lcc2791 |    000007B7  A$lcc2791
     000007B9  A$lcc2791 |    000007BA  A$lcc2791 |    000007BC  A$lcc2791
     000007BD  A$lcc2791 |    000007BE  A$lcc2791 |    000007C1  A$lcc2791
     000007C2  A$lcc2791 |    000007C2  C$main.c$ |    000007C3  A$lcc2791
     000007C4  A$lcc2791 |    000007C5  A$lcc2791 |    000007C6  A$lcc2791
     000007C8  A$lcc2791 |    000007C9  A$lcc2791 |    000007CA  A$lcc2791
     000007CA  C$main.c$ |    000007CD  A$lcc2791 |    000007CF  A$lcc2791
     000007D0  A$lcc2791 |    000007D1  A$lcc2791 |    000007D2  A$lcc2791
     000007D3  A$lcc2791 |    000007D4  A$lcc2791 |    000007D7  A$lcc2791
     000007D8  A$lcc2791 |    000007D9  A$lcc2791 |    000007DB  A$lcc2791
     000007DC  A$lcc2791 |    000007DE  A$lcc2791 |    000007DF  A$lcc2791
     000007E0  A$lcc2791 |    000007E3  A$lcc2791 |    000007E4  A$lcc2791
     000007E4  C$main.c$ |    000007E5  A$lcc2791 |    000007E6  A$lcc2791
     000007E7  A$lcc2791 |    000007E8  A$lcc2791 |    000007EA  A$lcc2791
     000007EB  A$lcc2791 |    000007EC  A$lcc2791 |    000007EC  C$main.c$
     000007EF  A$lcc2791 |    000007F1  A$lcc2791 |    000007F2  A$lcc2791
     000007F3  A$lcc2791 |    000007F4  A$lcc2791 |    000007F5  A$lcc2791
     000007F6  A$lcc2791 |    000007F9  A$lcc2791 |    000007FA  A$lcc2791
     000007FB  A$lcc2791 |    000007FD  A$lcc2791 |    000007FE  A$lcc2791
     00000800  A$lcc2791 |    00000801  A$lcc2791 |    00000802  A$lcc2791
     00000805  A$lcc2791 |    00000806  A$lcc2791 |    00000806  C$main.c$
     00000807  A$lcc2791 |    00000808  A$lcc2791 |    00000809  A$lcc2791
     0000080A  A$lcc2791 |    0000080C  A$lcc2791 |    0000080D  A$lcc2791
     0000080E  A$lcc2791 |    0000080E  C$main.c$ |    00000811  A$lcc2791
     00000813  A$lcc2791 |    00000814  A$lcc2791 |    00000815  A$lcc2791
     00000816  A$lcc2791 |    00000817  A$lcc2791 |    00000818  A$lcc2791
     0000081B  A$lcc2791 |    0000081C  A$lcc2791 |    0000081D  A$lcc2791
ASxxxx Linker V03.00 + NoICE + sdld,  page 11.
Hexadecimal  [32-Bits]

Area                       Addr        Size        Decimal Bytes (Attributes)
--------------------       ----        ----        ------- ----- ------------
_CODE                  00000200    000021C1 =        8641. bytes (REL,CON)

        Value  Global            Value  Global            Value  Global    
        -----  ------            -----  ------            -----  ------    
     0000081F  A$lcc2791 |    00000820  A$lcc2791 |    00000822  A$lcc2791
     00000823  A$lcc2791 |    00000824  A$lcc2791 |    00000827  A$lcc2791
     00000828  A$lcc2791 |    00000828  C$main.c$ |    00000829  A$lcc2791
     0000082A  A$lcc2791 |    0000082B  A$lcc2791 |    0000082C  A$lcc2791
     0000082E  A$lcc2791 |    0000082F  A$lcc2791 |    00000830  A$lcc2791
     00000830  C$main.c$ |    00000833  A$lcc2791 |    00000835  A$lcc2791
     00000836  A$lcc2791 |    00000837  A$lcc2791 |    00000838  A$lcc2791
     00000839  A$lcc2791 |    0000083A  A$lcc2791 |    0000083D  A$lcc2791
     0000083E  A$lcc2791 |    0000083F  A$lcc2791 |    00000841  A$lcc2791
     00000842  A$lcc2791 |    00000844  A$lcc2791 |    00000845  A$lcc2791
     00000846  A$lcc2791 |    00000849  A$lcc2791 |    0000084A  A$lcc2791
     0000084A  C$main.c$ |    0000084B  A$lcc2791 |    0000084C  A$lcc2791
     0000084D  A$lcc2791 |    0000084E  A$lcc2791 |    00000850  A$lcc2791
     00000851  A$lcc2791 |    00000852  A$lcc2791 |    00000852  C$main.c$
     00000855  A$lcc2791 |    00000857  A$lcc2791 |    00000858  A$lcc2791
     00000859  A$lcc2791 |    0000085A  A$lcc2791 |    0000085B  A$lcc2791
     0000085C  A$lcc2791 |    0000085F  A$lcc2791 |    00000860  A$lcc2791
     00000861  A$lcc2791 |    00000863  A$lcc2791 |    00000864  A$lcc2791
     00000866  A$lcc2791 |    00000867  A$lcc2791 |    00000868  A$lcc2791
     0000086B  A$lcc2791 |    0000086C  A$lcc2791 |    0000086C  C$main.c$
     0000086D  A$lcc2791 |    0000086E  A$lcc2791 |    0000086F  A$lcc2791
     00000870  A$lcc2791 |    00000872  A$lcc2791 |    00000873  A$lcc2791
     00000874  A$lcc2791 |    00000874  C$main.c$ |    00000877  A$lcc2791
     00000879  A$lcc2791 |    0000087A  A$lcc2791 |    0000087B  A$lcc2791
     0000087C  A$lcc2791 |    0000087D  A$lcc2791 |    0000087E  A$lcc2791
     0000087F  A$lcc2791 |    00000882  A$lcc2791 |    00000883  A$lcc2791
     00000886  A$lcc2791 |    00000886  C$main.c$ |    00000888  A$lcc2791
     00000889  A$lcc2791 |    0000088A  A$lcc2791 |    0000088B  A$lcc2791
     0000088E  A$lcc2791 |    0000088F  A$lcc2791 |    00000890  A$lcc2791
     00000891  A$lcc2791 |    00000893  A$lcc2791 |    00000894  A$lcc2791
     00000895  A$lcc2791 |    00000896  A$lcc2791 |    00000898  A$lcc2791
     00000899  A$lcc2791 |    0000089A  A$lcc2791 |    0000089B  A$lcc2791
     0000089C  A$lcc2791 |    0000089D  A$lcc2791 |    0000089E  A$lcc2791
     0000089F  A$lcc2791 |    000008A0  A$lcc2791 |    000008A1  A$lcc2791
     000008A3  A$lcc2791 |    000008A4  A$lcc2791 |    000008A5  A$lcc2791
     000008A7  A$lcc2791 |    000008A8  A$lcc2791 |    000008A9  A$lcc2791
     000008AA  A$lcc2791 |    000008AB  A$lcc2791 |    000008AE  A$lcc2791
     000008AE  C$main.c$ |    000008B1  A$lcc2791 |    000008B2  A$lcc2791
     000008B3  A$lcc2791 |    000008B4  A$lcc2791 |    000008B5  A$lcc2791
     000008B8  A$lcc2791 |    000008B9  A$lcc2791 |    000008BC  A$lcc2791
     000008BD  A$lcc2791 |    000008BD  C$main.c$ |    000008C0  A$lcc2791
     000008C1  A$lcc2791 |    000008C2  A$lcc2791 |    000008C3  A$lcc2791
     000008C5  A$lcc2791 |    000008C6  A$lcc2791 |    000008C7  A$lcc2791
     000008C7  C$main.c$ |    000008C9  A$lcc2791 |    000008CA  A$lcc2791
     000008CB  A$lcc2791 |    000008CC  A$lcc2791 |    000008CF  A$lcc2791
     000008D0  A$lcc2791 |    000008D1  A$lcc2791 |    000008D4  A$lcc2791
     000008D5  A$lcc2791 |    000008D6  A$lcc2791 |    000008D8  A$lcc2791
     000008D9  A$lcc2791 |    000008DB  A$lcc2791 |    000008DC  A$lcc2791
     000008DD  A$lcc2791 |    000008E0  A$lcc2791 |    000008E1  A$lcc2791
     000008E1  C$main.c$ |    000008E2  A$lcc2791 |    000008E3  A$lcc2791
     000008E4  A$lcc2791 |    000008E5  A$lcc2791 |    000008E7  A$lcc2791
ASxxxx Linker V03.00 + NoICE + sdld,  page 12.
Hexadecimal  [32-Bits]

Area                       Addr        Size        Decimal Bytes (Attributes)
--------------------       ----        ----        ------- ----- ------------
_CODE                  00000200    000021C1 =        8641. bytes (REL,CON)

        Value  Global            Value  Global            Value  Global    
        -----  ------            -----  ------            -----  ------    
     000008E8  A$lcc2791 |    000008E9  A$lcc2791 |    000008E9  C$main.c$
     000008EB  A$lcc2791 |    000008EC  A$lcc2791 |    000008ED  A$lcc2791
     000008EE  A$lcc2791 |    000008F1  A$lcc2791 |    000008F2  A$lcc2791
     000008F3  A$lcc2791 |    000008F6  A$lcc2791 |    000008F7  A$lcc2791
     000008F8  A$lcc2791 |    000008FA  A$lcc2791 |    000008FB  A$lcc2791
     000008FD  A$lcc2791 |    000008FE  A$lcc2791 |    000008FF  A$lcc2791
     00000902  A$lcc2791 |    00000903  A$lcc2791 |    00000903  C$main.c$
     00000904  A$lcc2791 |    00000905  A$lcc2791 |    00000906  A$lcc2791
     00000907  A$lcc2791 |    00000909  A$lcc2791 |    0000090A  A$lcc2791
     0000090B  A$lcc2791 |    0000090B  C$main.c$ |    0000090D  A$lcc2791
     0000090E  A$lcc2791 |    0000090F  A$lcc2791 |    00000910  A$lcc2791
     00000913  A$lcc2791 |    00000914  A$lcc2791 |    00000915  A$lcc2791
     00000918  A$lcc2791 |    00000919  A$lcc2791 |    0000091A  A$lcc2791
     0000091C  A$lcc2791 |    0000091D  A$lcc2791 |    0000091F  A$lcc2791
     00000920  A$lcc2791 |    00000921  A$lcc2791 |    00000924  A$lcc2791
     00000925  A$lcc2791 |    00000925  C$main.c$ |    00000926  A$lcc2791
     00000927  A$lcc2791 |    00000928  A$lcc2791 |    00000929  A$lcc2791
     0000092B  A$lcc2791 |    0000092C  A$lcc2791 |    0000092D  A$lcc2791
     0000092D  C$main.c$ |    0000092F  A$lcc2791 |    00000930  A$lcc2791
     00000931  A$lcc2791 |    00000932  A$lcc2791 |    00000935  A$lcc2791
     00000936  A$lcc2791 |    00000937  A$lcc2791 |    0000093A  A$lcc2791
     0000093B  A$lcc2791 |    0000093C  A$lcc2791 |    0000093E  A$lcc2791
     0000093F  A$lcc2791 |    00000941  A$lcc2791 |    00000942  A$lcc2791
     00000943  A$lcc2791 |    00000946  A$lcc2791 |    00000947  A$lcc2791
     00000947  C$main.c$ |    00000948  A$lcc2791 |    00000949  A$lcc2791
     0000094A  A$lcc2791 |    0000094B  A$lcc2791 |    0000094D  A$lcc2791
     0000094E  A$lcc2791 |    0000094F  A$lcc2791 |    0000094F  C$main.c$
     00000951  A$lcc2791 |    00000952  A$lcc2791 |    00000953  A$lcc2791
     00000954  A$lcc2791 |    00000957  A$lcc2791 |    00000958  A$lcc2791
     00000959  A$lcc2791 |    0000095C  A$lcc2791 |    0000095D  A$lcc2791
     0000095E  A$lcc2791 |    00000960  A$lcc2791 |    00000961  A$lcc2791
     00000963  A$lcc2791 |    00000964  A$lcc2791 |    00000965  A$lcc2791
     00000968  A$lcc2791 |    00000969  A$lcc2791 |    00000969  C$main.c$
     0000096A  A$lcc2791 |    0000096B  A$lcc2791 |    0000096C  A$lcc2791
     0000096D  A$lcc2791 |    0000096F  A$lcc2791 |    00000970  A$lcc2791
     00000971  A$lcc2791 |    00000971  C$main.c$ |    00000974  A$lcc2791
     00000976  A$lcc2791 |    00000977  A$lcc2791 |    00000978  A$lcc2791
     00000979  A$lcc2791 |    0000097A  A$lcc2791 |    0000097B  A$lcc2791
     0000097E  A$lcc2791 |    0000097F  A$lcc2791 |    00000980  A$lcc2791
     00000982  A$lcc2791 |    00000983  A$lcc2791 |    00000985  A$lcc2791
     00000986  A$lcc2791 |    00000987  A$lcc2791 |    0000098A  A$lcc2791
     0000098B  A$lcc2791 |    0000098B  C$main.c$ |    0000098C  A$lcc2791
     0000098D  A$lcc2791 |    0000098E  A$lcc2791 |    0000098F  A$lcc2791
     00000991  A$lcc2791 |    00000992  A$lcc2791 |    00000993  A$lcc2791
     00000993  C$main.c$ |    00000996  A$lcc2791 |    00000998  A$lcc2791
     00000999  A$lcc2791 |    0000099A  A$lcc2791 |    0000099B  A$lcc2791
     0000099C  A$lcc2791 |    0000099D  A$lcc2791 |    0000099E  A$lcc2791
     000009A1  A$lcc2791 |    000009A2  A$lcc2791 |    000009A2  C$main.c$
     000009A5  A$lcc2791 |    000009A5  C$main.c$ |    000009A5  C$main.c$
     000009A7  A$lcc2791 |    000009A9  A$lcc2791 |    000009AB  A$lcc2791
     000009AC  A$lcc2791 |    000009AD  A$lcc2791 |    000009AE  A$lcc2791
ASxxxx Linker V03.00 + NoICE + sdld,  page 13.
Hexadecimal  [32-Bits]

Area                       Addr        Size        Decimal Bytes (Attributes)
--------------------       ----        ----        ------- ----- ------------
_CODE                  00000200    000021C1 =        8641. bytes (REL,CON)

        Value  Global            Value  Global            Value  Global    
        -----  ------            -----  ------            -----  ------    
     000009AF  A$lcc2791 |    000009B0  A$lcc2791 |    000009B2  A$lcc2791
     000009B2  C$main.c$ |    000009B4  A$lcc2791 |    000009B5  A$lcc2791
     000009B6  A$lcc2791 |    000009B7  A$lcc2791 |    000009BA  A$lcc2791
     000009BC  A$lcc2791 |    000009BD  A$lcc2791 |    000009BE  A$lcc2791
     000009BF  A$lcc2791 |    000009C0  A$lcc2791 |    000009C1  A$lcc2791
     000009C4  A$lcc2791 |    000009C5  A$lcc2791 |    000009C6  A$lcc2791
     000009C7  A$lcc2791 |    000009CA  A$lcc2791 |    000009CB  A$lcc2791
     000009CB  C$main.c$ |    000009CC  A$lcc2791 |    000009CD  A$lcc2791
     000009CE  A$lcc2791 |    000009CF  A$lcc2791 |    000009D1  A$lcc2791
     000009D2  A$lcc2791 |    000009D3  A$lcc2791 |    000009D3  C$main.c$
     000009D6  A$lcc2791 |    000009D8  A$lcc2791 |    000009D9  A$lcc2791
     000009DA  A$lcc2791 |    000009DB  A$lcc2791 |    000009DC  A$lcc2791
     000009DD  A$lcc2791 |    000009DE  A$lcc2791 |    000009E1  A$lcc2791
     000009E2  A$lcc2791 |    000009E5  A$lcc2791 |    000009E5  C$main.c$
     000009E7  A$lcc2791 |    000009E8  A$lcc2791 |    000009E9  A$lcc2791
     000009EA  A$lcc2791 |    000009EB  A$lcc2791 |    000009EC  A$lcc2791
     000009ED  A$lcc2791 |    000009EE  A$lcc2791 |    000009EF  A$lcc2791
     000009F0  A$lcc2791 |    000009F1  A$lcc2791 |    000009F2  A$lcc2791
     000009F3  A$lcc2791 |    000009F5  A$lcc2791 |    000009F6  A$lcc2791
     000009F7  A$lcc2791 |    000009F8  A$lcc2791 |    000009FA  A$lcc2791
     000009FB  A$lcc2791 |    000009FE  A$lcc2791 |    000009FF  A$lcc2791
     00000A00  A$lcc2791 |    00000A01  A$lcc2791 |    00000A02  A$lcc2791
     00000A03  A$lcc2791 |    00000A04  A$lcc2791 |    00000A05  A$lcc2791
     00000A06  A$lcc2791 |    00000A08  A$lcc2791 |    00000A08  C$main.c$
     00000A0B  A$lcc2791 |    00000A0D  A$lcc2791 |    00000A0E  A$lcc2791
     00000A0F  A$lcc2791 |    00000A10  A$lcc2791 |    00000A11  A$lcc2791
     00000A12  A$lcc2791 |    00000A15  A$lcc2791 |    00000A16  A$lcc2791
     00000A17  A$lcc2791 |    00000A19  A$lcc2791 |    00000A1A  A$lcc2791
     00000A1C  A$lcc2791 |    00000A1D  A$lcc2791 |    00000A1E  A$lcc2791
     00000A21  A$lcc2791 |    00000A22  A$lcc2791 |    00000A22  C$main.c$
     00000A23  A$lcc2791 |    00000A24  A$lcc2791 |    00000A25  A$lcc2791
     00000A26  A$lcc2791 |    00000A28  A$lcc2791 |    00000A29  A$lcc2791
     00000A2A  A$lcc2791 |    00000A2A  C$main.c$ |    00000A2D  A$lcc2791
     00000A2F  A$lcc2791 |    00000A30  A$lcc2791 |    00000A31  A$lcc2791
     00000A32  A$lcc2791 |    00000A33  A$lcc2791 |    00000A34  A$lcc2791
     00000A37  A$lcc2791 |    00000A38  A$lcc2791 |    00000A39  A$lcc2791
     00000A3B  A$lcc2791 |    00000A3C  A$lcc2791 |    00000A3E  A$lcc2791
     00000A3F  A$lcc2791 |    00000A40  A$lcc2791 |    00000A43  A$lcc2791
     00000A44  A$lcc2791 |    00000A44  C$main.c$ |    00000A45  A$lcc2791
     00000A46  A$lcc2791 |    00000A47  A$lcc2791 |    00000A48  A$lcc2791
     00000A4A  A$lcc2791 |    00000A4B  A$lcc2791 |    00000A4C  A$lcc2791
     00000A4C  C$main.c$ |    00000A4F  A$lcc2791 |    00000A51  A$lcc2791
     00000A52  A$lcc2791 |    00000A53  A$lcc2791 |    00000A54  A$lcc2791
     00000A55  A$lcc2791 |    00000A56  A$lcc2791 |    00000A57  A$lcc2791
     00000A5A  A$lcc2791 |    00000A5B  A$lcc2791 |    00000A5E  A$lcc2791
     00000A60  A$lcc2791 |    00000A61  A$lcc2791 |    00000A62  A$lcc2791
     00000A63  A$lcc2791 |    00000A66  A$lcc2791 |    00000A67  A$lcc2791
     00000A68  A$lcc2791 |    00000A69  A$lcc2791 |    00000A6A  A$lcc2791
     00000A6B  A$lcc2791 |    00000A6D  A$lcc2791 |    00000A6E  A$lcc2791
     00000A6F  A$lcc2791 |    00000A70  A$lcc2791 |    00000A71  A$lcc2791
     00000A72  A$lcc2791 |    00000A73  A$lcc2791 |    00000A74  A$lcc2791
ASxxxx Linker V03.00 + NoICE + sdld,  page 14.
Hexadecimal  [32-Bits]

Area                       Addr        Size        Decimal Bytes (Attributes)
--------------------       ----        ----        ------- ----- ------------
_CODE                  00000200    000021C1 =        8641. bytes (REL,CON)

        Value  Global            Value  Global            Value  Global    
        -----  ------            -----  ------            -----  ------    
     00000A75  A$lcc2791 |    00000A76  A$lcc2791 |    00000A77  A$lcc2791
     00000A78  A$lcc2791 |    00000A79  A$lcc2791 |    00000A7A  A$lcc2791
     00000A7B  A$lcc2791 |    00000A7D  A$lcc2791 |    00000A7E  A$lcc2791
     00000A7F  A$lcc2791 |    00000A80  A$lcc2791 |    00000A82  A$lcc2791
     00000A83  A$lcc2791 |    00000A86  A$lcc2791 |    00000A87  A$lcc2791
     00000A88  A$lcc2791 |    00000A89  A$lcc2791 |    00000A8A  A$lcc2791
     00000A8B  A$lcc2791 |    00000A8C  A$lcc2791 |    00000A8E  A$lcc2791
     00000A8F  A$lcc2791 |    00000A90  A$lcc2791 |    00000A91  A$lcc2791
     00000A93  A$lcc2791 |    00000A94  A$lcc2791 |    00000A95  A$lcc2791
     00000A96  A$lcc2791 |    00000A97  A$lcc2791 |    00000A98  A$lcc2791
     00000A98  C$main.c$ |    00000A9A  A$lcc2791 |    00000A9B  A$lcc2791
     00000A9C  A$lcc2791 |    00000A9D  A$lcc2791 |    00000A9D  C$main.c$
     00000A9E  A$lcc2791 |    00000AA0  A$lcc2791 |    00000AA0  C$main.c$
     00000AA3  A$lcc2791 |    00000AA5  A$lcc2791 |    00000AA6  A$lcc2791
     00000AA7  A$lcc2791 |    00000AA8  A$lcc2791 |    00000AA9  A$lcc2791
     00000AAA  A$lcc2791 |    00000AAD  A$lcc2791 |    00000AAE  A$lcc2791
     00000AAF  A$lcc2791 |    00000AB1  A$lcc2791 |    00000AB2  A$lcc2791
     00000AB4  A$lcc2791 |    00000AB5  A$lcc2791 |    00000AB6  A$lcc2791
     00000AB9  A$lcc2791 |    00000ABA  A$lcc2791 |    00000ABA  C$main.c$
     00000ABB  A$lcc2791 |    00000ABC  A$lcc2791 |    00000ABD  A$lcc2791
     00000ABE  A$lcc2791 |    00000AC0  A$lcc2791 |    00000AC1  A$lcc2791
     00000AC2  A$lcc2791 |    00000AC2  C$main.c$ |    00000AC5  A$lcc2791
     00000AC7  A$lcc2791 |    00000AC8  A$lcc2791 |    00000AC9  A$lcc2791
     00000ACA  A$lcc2791 |    00000ACB  A$lcc2791 |    00000ACC  A$lcc2791
     00000ACF  A$lcc2791 |    00000AD0  A$lcc2791 |    00000AD1  A$lcc2791
     00000AD3  A$lcc2791 |    00000AD4  A$lcc2791 |    00000AD6  A$lcc2791
     00000AD7  A$lcc2791 |    00000AD8  A$lcc2791 |    00000ADB  A$lcc2791
     00000ADC  A$lcc2791 |    00000ADC  C$main.c$ |    00000ADD  A$lcc2791
     00000ADE  A$lcc2791 |    00000ADF  A$lcc2791 |    00000AE0  A$lcc2791
     00000AE2  A$lcc2791 |    00000AE3  A$lcc2791 |    00000AE4  A$lcc2791
     00000AE4  C$main.c$ |    00000AE7  A$lcc2791 |    00000AE9  A$lcc2791
     00000AEA  A$lcc2791 |    00000AEB  A$lcc2791 |    00000AEC  A$lcc2791
     00000AED  A$lcc2791 |    00000AEE  A$lcc2791 |    00000AF1  A$lcc2791
     00000AF2  A$lcc2791 |    00000AF3  A$lcc2791 |    00000AF5  A$lcc2791
     00000AF6  A$lcc2791 |    00000AF8  A$lcc2791 |    00000AF9  A$lcc2791
     00000AFA  A$lcc2791 |    00000AFD  A$lcc2791 |    00000AFE  A$lcc2791
     00000AFE  C$main.c$ |    00000AFF  A$lcc2791 |    00000B00  A$lcc2791
     00000B01  A$lcc2791 |    00000B02  A$lcc2791 |    00000B04  A$lcc2791
     00000B05  A$lcc2791 |    00000B06  A$lcc2791 |    00000B06  C$main.c$
     00000B09  A$lcc2791 |    00000B0B  A$lcc2791 |    00000B0C  A$lcc2791
     00000B0D  A$lcc2791 |    00000B0E  A$lcc2791 |    00000B0F  A$lcc2791
     00000B10  A$lcc2791 |    00000B11  A$lcc2791 |    00000B14  A$lcc2791
     00000B15  A$lcc2791 |    00000B18  A$lcc2791 |    00000B1A  A$lcc2791
     00000B1B  A$lcc2791 |    00000B1C  A$lcc2791 |    00000B1D  A$lcc2791
     00000B20  A$lcc2791 |    00000B21  A$lcc2791 |    00000B22  A$lcc2791
     00000B23  A$lcc2791 |    00000B24  A$lcc2791 |    00000B25  A$lcc2791
     00000B26  A$lcc2791 |    00000B27  A$lcc2791 |    00000B28  A$lcc2791
     00000B29  A$lcc2791 |    00000B2A  A$lcc2791 |    00000B2B  A$lcc2791
     00000B2C  A$lcc2791 |    00000B2D  A$lcc2791 |    00000B2E  A$lcc2791
     00000B30  A$lcc2791 |    00000B31  A$lcc2791 |    00000B32  A$lcc2791
     00000B33  A$lcc2791 |    00000B35  A$lcc2791 |    00000B36  A$lcc2791
ASxxxx Linker V03.00 + NoICE + sdld,  page 15.
Hexadecimal  [32-Bits]

Area                       Addr        Size        Decimal Bytes (Attributes)
--------------------       ----        ----        ------- ----- ------------
_CODE                  00000200    000021C1 =        8641. bytes (REL,CON)

        Value  Global            Value  Global            Value  Global    
        -----  ------            -----  ------            -----  ------    
     00000B39  A$lcc2791 |    00000B3A  A$lcc2791 |    00000B3B  A$lcc2791
     00000B3C  A$lcc2791 |    00000B3D  A$lcc2791 |    00000B3E  A$lcc2791
     00000B3F  A$lcc2791 |    00000B40  A$lcc2791 |    00000B40  C$main.c$
     00000B41  A$lcc2791 |    00000B43  A$lcc2791 |    00000B44  A$lcc2791
     00000B46  A$lcc2791 |    00000B47  A$lcc2791 |    00000B49  A$lcc2791
     00000B4A  A$lcc2791 |    00000B4C  A$lcc2791 |    00000B4D  A$lcc2791
     00000B4E  A$lcc2791 |    00000B4E  C$main.c$ |    00000B4F  A$lcc2791
     00000B52  A$lcc2791 |    00000B52  C$main.c$ |    00000B55  A$lcc2791
     00000B57  A$lcc2791 |    00000B58  A$lcc2791 |    00000B59  A$lcc2791
     00000B5A  A$lcc2791 |    00000B5B  A$lcc2791 |    00000B5C  A$lcc2791
     00000B5F  A$lcc2791 |    00000B60  A$lcc2791 |    00000B61  A$lcc2791
     00000B63  A$lcc2791 |    00000B64  A$lcc2791 |    00000B66  A$lcc2791
     00000B67  A$lcc2791 |    00000B68  A$lcc2791 |    00000B6B  A$lcc2791
     00000B6C  A$lcc2791 |    00000B6C  C$main.c$ |    00000B6D  A$lcc2791
     00000B6E  A$lcc2791 |    00000B6F  A$lcc2791 |    00000B70  A$lcc2791
     00000B72  A$lcc2791 |    00000B73  A$lcc2791 |    00000B74  A$lcc2791
     00000B74  C$main.c$ |    00000B77  A$lcc2791 |    00000B79  A$lcc2791
     00000B7A  A$lcc2791 |    00000B7B  A$lcc2791 |    00000B7C  A$lcc2791
     00000B7D  A$lcc2791 |    00000B7E  A$lcc2791 |    00000B81  A$lcc2791
     00000B82  A$lcc2791 |    00000B83  A$lcc2791 |    00000B85  A$lcc2791
     00000B86  A$lcc2791 |    00000B88  A$lcc2791 |    00000B89  A$lcc2791
     00000B8A  A$lcc2791 |    00000B8D  A$lcc2791 |    00000B8E  A$lcc2791
     00000B8E  C$main.c$ |    00000B8F  A$lcc2791 |    00000B90  A$lcc2791
     00000B91  A$lcc2791 |    00000B92  A$lcc2791 |    00000B94  A$lcc2791
     00000B95  A$lcc2791 |    00000B96  A$lcc2791 |    00000B96  C$main.c$
     00000B99  A$lcc2791 |    00000B9B  A$lcc2791 |    00000B9C  A$lcc2791
     00000B9D  A$lcc2791 |    00000B9E  A$lcc2791 |    00000B9F  A$lcc2791
     00000BA0  A$lcc2791 |    00000BA3  A$lcc2791 |    00000BA4  A$lcc2791
     00000BA5  A$lcc2791 |    00000BA7  A$lcc2791 |    00000BA8  A$lcc2791
     00000BAA  A$lcc2791 |    00000BAB  A$lcc2791 |    00000BAC  A$lcc2791
     00000BAF  A$lcc2791 |    00000BB0  A$lcc2791 |    00000BB0  C$main.c$
     00000BB1  A$lcc2791 |    00000BB2  A$lcc2791 |    00000BB3  A$lcc2791
     00000BB4  A$lcc2791 |    00000BB6  A$lcc2791 |    00000BB7  A$lcc2791
     00000BB8  A$lcc2791 |    00000BB8  C$main.c$ |    00000BBB  A$lcc2791
     00000BBD  A$lcc2791 |    00000BBE  A$lcc2791 |    00000BBF  A$lcc2791
     00000BC0  A$lcc2791 |    00000BC1  A$lcc2791 |    00000BC2  A$lcc2791
     00000BC5  A$lcc2791 |    00000BC6  A$lcc2791 |    00000BC7  A$lcc2791
     00000BC9  A$lcc2791 |    00000BCA  A$lcc2791 |    00000BCC  A$lcc2791
     00000BCD  A$lcc2791 |    00000BCE  A$lcc2791 |    00000BD1  A$lcc2791
     00000BD2  A$lcc2791 |    00000BD2  C$main.c$ |    00000BD3  A$lcc2791
     00000BD4  A$lcc2791 |    00000BD5  A$lcc2791 |    00000BD6  A$lcc2791
     00000BD8  A$lcc2791 |    00000BD9  A$lcc2791 |    00000BDA  A$lcc2791
     00000BDA  C$main.c$ |    00000BDD  A$lcc2791 |    00000BDF  A$lcc2791
     00000BE0  A$lcc2791 |    00000BE1  A$lcc2791 |    00000BE2  A$lcc2791
     00000BE3  A$lcc2791 |    00000BE4  A$lcc2791 |    00000BE5  A$lcc2791
     00000BE8  A$lcc2791 |    00000BE9  A$lcc2791 |    00000BEC  A$lcc2791
     00000BEE  A$lcc2791 |    00000BEF  A$lcc2791 |    00000BF0  A$lcc2791
     00000BF1  A$lcc2791 |    00000BF4  A$lcc2791 |    00000BF5  A$lcc2791
     00000BF6  A$lcc2791 |    00000BF7  A$lcc2791 |    00000BF8  A$lcc2791
     00000BF9  A$lcc2791 |    00000BFB  A$lcc2791 |    00000BFC  A$lcc2791
     00000BFD  A$lcc2791 |    00000BFE  A$lcc2791 |    00000BFF  A$lcc2791
ASxxxx Linker V03.00 + NoICE + sdld,  page 16.
Hexadecimal  [32-Bits]

Area                       Addr        Size        Decimal Bytes (Attributes)
--------------------       ----        ----        ------- ----- ------------
_CODE                  00000200    000021C1 =        8641. bytes (REL,CON)

        Value  Global            Value  Global            Value  Global    
        -----  ------            -----  ------            -----  ------    
     00000C00  A$lcc2791 |    00000C01  A$lcc2791 |    00000C02  A$lcc2791
     00000C03  A$lcc2791 |    00000C04  A$lcc2791 |    00000C05  A$lcc2791
     00000C06  A$lcc2791 |    00000C07  A$lcc2791 |    00000C08  A$lcc2791
     00000C09  A$lcc2791 |    00000C0B  A$lcc2791 |    00000C0C  A$lcc2791
     00000C0D  A$lcc2791 |    00000C0E  A$lcc2791 |    00000C10  A$lcc2791
     00000C11  A$lcc2791 |    00000C14  A$lcc2791 |    00000C15  A$lcc2791
     00000C16  A$lcc2791 |    00000C17  A$lcc2791 |    00000C18  A$lcc2791
     00000C19  A$lcc2791 |    00000C1A  A$lcc2791 |    00000C1C  A$lcc2791
     00000C1D  A$lcc2791 |    00000C1E  A$lcc2791 |    00000C1F  A$lcc2791
     00000C21  A$lcc2791 |    00000C22  A$lcc2791 |    00000C23  A$lcc2791
     00000C24  A$lcc2791 |    00000C25  A$lcc2791 |    00000C26  A$lcc2791
     00000C26  C$main.c$ |    00000C28  A$lcc2791 |    00000C29  A$lcc2791
     00000C2A  A$lcc2791 |    00000C2B  A$lcc2791 |    00000C2B  C$main.c$
     00000C2C  A$lcc2791 |    00000C2F  A$lcc2791 |    00000C2F  C$main.c$
     00000C32  A$lcc2791 |    00000C34  A$lcc2791 |    00000C35  A$lcc2791
     00000C36  A$lcc2791 |    00000C37  A$lcc2791 |    00000C38  A$lcc2791
     00000C39  A$lcc2791 |    00000C3C  A$lcc2791 |    00000C3D  A$lcc2791
     00000C3E  A$lcc2791 |    00000C40  A$lcc2791 |    00000C41  A$lcc2791
     00000C43  A$lcc2791 |    00000C44  A$lcc2791 |    00000C45  A$lcc2791
     00000C48  A$lcc2791 |    00000C49  A$lcc2791 |    00000C49  C$main.c$
     00000C4A  A$lcc2791 |    00000C4B  A$lcc2791 |    00000C4C  A$lcc2791
     00000C4D  A$lcc2791 |    00000C4F  A$lcc2791 |    00000C50  A$lcc2791
     00000C51  A$lcc2791 |    00000C51  C$main.c$ |    00000C54  A$lcc2791
     00000C56  A$lcc2791 |    00000C57  A$lcc2791 |    00000C58  A$lcc2791
     00000C59  A$lcc2791 |    00000C5A  A$lcc2791 |    00000C5B  A$lcc2791
     00000C5E  A$lcc2791 |    00000C5F  A$lcc2791 |    00000C60  A$lcc2791
     00000C62  A$lcc2791 |    00000C63  A$lcc2791 |    00000C65  A$lcc2791
     00000C66  A$lcc2791 |    00000C67  A$lcc2791 |    00000C6A  A$lcc2791
     00000C6B  A$lcc2791 |    00000C6B  C$main.c$ |    00000C6C  A$lcc2791
     00000C6D  A$lcc2791 |    00000C6E  A$lcc2791 |    00000C6F  A$lcc2791
     00000C71  A$lcc2791 |    00000C72  A$lcc2791 |    00000C73  A$lcc2791
     00000C73  C$main.c$ |    00000C76  A$lcc2791 |    00000C78  A$lcc2791
     00000C79  A$lcc2791 |    00000C7A  A$lcc2791 |    00000C7B  A$lcc2791
     00000C7C  A$lcc2791 |    00000C7D  A$lcc2791 |    00000C80  A$lcc2791
     00000C81  A$lcc2791 |    00000C82  A$lcc2791 |    00000C84  A$lcc2791
     00000C85  A$lcc2791 |    00000C87  A$lcc2791 |    00000C88  A$lcc2791
     00000C89  A$lcc2791 |    00000C8C  A$lcc2791 |    00000C8D  A$lcc2791
     00000C8D  C$main.c$ |    00000C8E  A$lcc2791 |    00000C8F  A$lcc2791
     00000C90  A$lcc2791 |    00000C91  A$lcc2791 |    00000C93  A$lcc2791
     00000C94  A$lcc2791 |    00000C95  A$lcc2791 |    00000C95  C$main.c$
     00000C98  A$lcc2791 |    00000C9A  A$lcc2791 |    00000C9B  A$lcc2791
     00000C9C  A$lcc2791 |    00000C9D  A$lcc2791 |    00000C9E  A$lcc2791
     00000C9F  A$lcc2791 |    00000CA2  A$lcc2791 |    00000CA3  A$lcc2791
     00000CA4  A$lcc2791 |    00000CA6  A$lcc2791 |    00000CA7  A$lcc2791
     00000CA9  A$lcc2791 |    00000CAA  A$lcc2791 |    00000CAB  A$lcc2791
     00000CAE  A$lcc2791 |    00000CAF  A$lcc2791 |    00000CAF  C$main.c$
     00000CB0  A$lcc2791 |    00000CB1  A$lcc2791 |    00000CB2  A$lcc2791
     00000CB3  A$lcc2791 |    00000CB5  A$lcc2791 |    00000CB6  A$lcc2791
     00000CB7  A$lcc2791 |    00000CB7  C$main.c$ |    00000CBA  A$lcc2791
     00000CBC  A$lcc2791 |    00000CBD  A$lcc2791 |    00000CBE  A$lcc2791
     00000CBF  A$lcc2791 |    00000CC0  A$lcc2791 |    00000CC1  A$lcc2791
ASxxxx Linker V03.00 + NoICE + sdld,  page 17.
Hexadecimal  [32-Bits]

Area                       Addr        Size        Decimal Bytes (Attributes)
--------------------       ----        ----        ------- ----- ------------
_CODE                  00000200    000021C1 =        8641. bytes (REL,CON)

        Value  Global            Value  Global            Value  Global    
        -----  ------            -----  ------            -----  ------    
     00000CC4  A$lcc2791 |    00000CC5  A$lcc2791 |    00000CC6  A$lcc2791
     00000CC8  A$lcc2791 |    00000CC9  A$lcc2791 |    00000CCB  A$lcc2791
     00000CCC  A$lcc2791 |    00000CCD  A$lcc2791 |    00000CD0  A$lcc2791
     00000CD1  A$lcc2791 |    00000CD1  C$main.c$ |    00000CD2  A$lcc2791
     00000CD3  A$lcc2791 |    00000CD4  A$lcc2791 |    00000CD5  A$lcc2791
     00000CD7  A$lcc2791 |    00000CD8  A$lcc2791 |    00000CD9  A$lcc2791
     00000CD9  C$main.c$ |    00000CDC  A$lcc2791 |    00000CDE  A$lcc2791
     00000CDF  A$lcc2791 |    00000CE0  A$lcc2791 |    00000CE1  A$lcc2791
     00000CE2  A$lcc2791 |    00000CE3  A$lcc2791 |    00000CE4  A$lcc2791
     00000CE7  A$lcc2791 |    00000CE8  A$lcc2791 |    00000CEB  A$lcc2791
     00000CED  A$lcc2791 |    00000CEE  A$lcc2791 |    00000CEF  A$lcc2791
     00000CF0  A$lcc2791 |    00000CF3  A$lcc2791 |    00000CF4  A$lcc2791
     00000CF5  A$lcc2791 |    00000CF6  A$lcc2791 |    00000CF7  A$lcc2791
     00000CF8  A$lcc2791 |    00000CF9  A$lcc2791 |    00000CFA  A$lcc2791
     00000CFB  A$lcc2791 |    00000CFC  A$lcc2791 |    00000CFD  A$lcc2791
     00000CFE  A$lcc2791 |    00000CFF  A$lcc2791 |    00000D00  A$lcc2791
     00000D01  A$lcc2791 |    00000D03  A$lcc2791 |    00000D04  A$lcc2791
     00000D05  A$lcc2791 |    00000D06  A$lcc2791 |    00000D08  A$lcc2791
     00000D09  A$lcc2791 |    00000D0C  A$lcc2791 |    00000D0D  A$lcc2791
     00000D0E  A$lcc2791 |    00000D0F  A$lcc2791 |    00000D10  A$lcc2791
     00000D11  A$lcc2791 |    00000D12  A$lcc2791 |    00000D13  A$lcc2791
     00000D13  C$main.c$ |    00000D14  A$lcc2791 |    00000D16  A$lcc2791
     00000D17  A$lcc2791 |    00000D18  A$lcc2791 |    00000D19  A$lcc2791
     00000D1B  A$lcc2791 |    00000D1C  A$lcc2791 |    00000D1D  A$lcc2791
     00000D1E  A$lcc2791 |    00000D1F  A$lcc2791 |    00000D1F  C$main.c$
     00000D20  A$lcc2791 |    00000D23  A$lcc2791 |    00000D23  C$main.c$
     00000D26  A$lcc2791 |    00000D28  A$lcc2791 |    00000D29  A$lcc2791
     00000D2A  A$lcc2791 |    00000D2B  A$lcc2791 |    00000D2C  A$lcc2791
     00000D2D  A$lcc2791 |    00000D30  A$lcc2791 |    00000D31  A$lcc2791
     00000D32  A$lcc2791 |    00000D34  A$lcc2791 |    00000D35  A$lcc2791
     00000D37  A$lcc2791 |    00000D38  A$lcc2791 |    00000D39  A$lcc2791
     00000D3C  A$lcc2791 |    00000D3D  A$lcc2791 |    00000D3D  C$main.c$
     00000D3E  A$lcc2791 |    00000D3F  A$lcc2791 |    00000D40  A$lcc2791
     00000D41  A$lcc2791 |    00000D43  A$lcc2791 |    00000D44  A$lcc2791
     00000D45  A$lcc2791 |    00000D45  C$main.c$ |    00000D48  A$lcc2791
     00000D4A  A$lcc2791 |    00000D4B  A$lcc2791 |    00000D4C  A$lcc2791
     00000D4D  A$lcc2791 |    00000D4E  A$lcc2791 |    00000D4F  A$lcc2791
     00000D52  A$lcc2791 |    00000D53  A$lcc2791 |    00000D54  A$lcc2791
     00000D56  A$lcc2791 |    00000D57  A$lcc2791 |    00000D59  A$lcc2791
     00000D5A  A$lcc2791 |    00000D5B  A$lcc2791 |    00000D5E  A$lcc2791
     00000D5F  A$lcc2791 |    00000D5F  C$main.c$ |    00000D60  A$lcc2791
     00000D61  A$lcc2791 |    00000D62  A$lcc2791 |    00000D63  A$lcc2791
     00000D65  A$lcc2791 |    00000D66  A$lcc2791 |    00000D67  A$lcc2791
     00000D67  C$main.c$ |    00000D6A  A$lcc2791 |    00000D6C  A$lcc2791
     00000D6D  A$lcc2791 |    00000D6E  A$lcc2791 |    00000D6F  A$lcc2791
     00000D70  A$lcc2791 |    00000D71  A$lcc2791 |    00000D74  A$lcc2791
     00000D75  A$lcc2791 |    00000D76  A$lcc2791 |    00000D78  A$lcc2791
     00000D79  A$lcc2791 |    00000D7B  A$lcc2791 |    00000D7C  A$lcc2791
     00000D7D  A$lcc2791 |    00000D80  A$lcc2791 |    00000D81  A$lcc2791
     00000D81  C$main.c$ |    00000D82  A$lcc2791 |    00000D83  A$lcc2791
     00000D84  A$lcc2791 |    00000D85  A$lcc2791 |    00000D87  A$lcc2791
ASxxxx Linker V03.00 + NoICE + sdld,  page 18.
Hexadecimal  [32-Bits]

Area                       Addr        Size        Decimal Bytes (Attributes)
--------------------       ----        ----        ------- ----- ------------
_CODE                  00000200    000021C1 =        8641. bytes (REL,CON)

        Value  Global            Value  Global            Value  Global    
        -----  ------            -----  ------            -----  ------    
     00000D88  A$lcc2791 |    00000D89  A$lcc2791 |    00000D89  C$main.c$
     00000D8C  A$lcc2791 |    00000D8E  A$lcc2791 |    00000D8F  A$lcc2791
     00000D90  A$lcc2791 |    00000D91  A$lcc2791 |    00000D92  A$lcc2791
     00000D93  A$lcc2791 |    00000D96  A$lcc2791 |    00000D97  A$lcc2791
     00000D98  A$lcc2791 |    00000D9A  A$lcc2791 |    00000D9B  A$lcc2791
     00000D9D  A$lcc2791 |    00000D9E  A$lcc2791 |    00000D9F  A$lcc2791
     00000DA2  A$lcc2791 |    00000DA3  A$lcc2791 |    00000DA3  C$main.c$
     00000DA4  A$lcc2791 |    00000DA5  A$lcc2791 |    00000DA6  A$lcc2791
     00000DA7  A$lcc2791 |    00000DA9  A$lcc2791 |    00000DAA  A$lcc2791
     00000DAB  A$lcc2791 |    00000DAB  C$main.c$ |    00000DAE  A$lcc2791
     00000DB0  A$lcc2791 |    00000DB1  A$lcc2791 |    00000DB2  A$lcc2791
     00000DB3  A$lcc2791 |    00000DB4  A$lcc2791 |    00000DB5  A$lcc2791
     00000DB8  A$lcc2791 |    00000DB9  A$lcc2791 |    00000DBA  A$lcc2791
     00000DBC  A$lcc2791 |    00000DBD  A$lcc2791 |    00000DBF  A$lcc2791
     00000DC0  A$lcc2791 |    00000DC1  A$lcc2791 |    00000DC4  A$lcc2791
     00000DC5  A$lcc2791 |    00000DC5  C$main.c$ |    00000DC6  A$lcc2791
     00000DC7  A$lcc2791 |    00000DC8  A$lcc2791 |    00000DC9  A$lcc2791
     00000DCB  A$lcc2791 |    00000DCC  A$lcc2791 |    00000DCD  A$lcc2791
     00000DCD  C$main.c$ |    00000DD0  A$lcc2791 |    00000DD2  A$lcc2791
     00000DD3  A$lcc2791 |    00000DD4  A$lcc2791 |    00000DD5  A$lcc2791
     00000DD6  A$lcc2791 |    00000DD7  A$lcc2791 |    00000DDA  A$lcc2791
     00000DDB  A$lcc2791 |    00000DDC  A$lcc2791 |    00000DDE  A$lcc2791
     00000DDF  A$lcc2791 |    00000DE1  A$lcc2791 |    00000DE2  A$lcc2791
     00000DE3  A$lcc2791 |    00000DE6  A$lcc2791 |    00000DE7  A$lcc2791
     00000DE7  C$main.c$ |    00000DE8  A$lcc2791 |    00000DE9  A$lcc2791
     00000DEA  A$lcc2791 |    00000DEB  A$lcc2791 |    00000DED  A$lcc2791
     00000DEE  A$lcc2791 |    00000DEF  A$lcc2791 |    00000DEF  C$main.c$
     00000DF2  A$lcc2791 |    00000DF4  A$lcc2791 |    00000DF5  A$lcc2791
     00000DF6  A$lcc2791 |    00000DF7  A$lcc2791 |    00000DF8  A$lcc2791
     00000DF9  A$lcc2791 |    00000DFA  A$lcc2791 |    00000DFD  A$lcc2791
     00000DFE  A$lcc2791 |    00000E01  A$lcc2791 |    00000E01  C$main.c$
     00000E03  A$lcc2791 |    00000E04  A$lcc2791 |    00000E05  A$lcc2791
     00000E06  A$lcc2791 |    00000E09  A$lcc2791 |    00000E0A  A$lcc2791
     00000E0B  A$lcc2791 |    00000E0C  A$lcc2791 |    00000E0D  A$lcc2791
     00000E0E  A$lcc2791 |    00000E10  A$lcc2791 |    00000E11  A$lcc2791
     00000E12  A$lcc2791 |    00000E13  A$lcc2791 |    00000E14  A$lcc2791
     00000E15  A$lcc2791 |    00000E16  A$lcc2791 |    00000E17  A$lcc2791
     00000E18  A$lcc2791 |    00000E19  A$lcc2791 |    00000E1A  A$lcc2791
     00000E1B  A$lcc2791 |    00000E1C  A$lcc2791 |    00000E1D  A$lcc2791
     00000E1F  A$lcc2791 |    00000E20  A$lcc2791 |    00000E21  A$lcc2791
     00000E23  A$lcc2791 |    00000E24  A$lcc2791 |    00000E25  A$lcc2791
     00000E26  A$lcc2791 |    00000E29  A$lcc2791 |    00000E29  C$main.c$
     00000E2C  A$lcc2791 |    00000E2D  A$lcc2791 |    00000E2E  A$lcc2791
     00000E2F  A$lcc2791 |    00000E30  A$lcc2791 |    00000E33  A$lcc2791
     00000E34  A$lcc2791 |    00000E37  A$lcc2791 |    00000E38  A$lcc2791
     00000E38  C$main.c$ |    00000E3B  A$lcc2791 |    00000E3C  A$lcc2791
     00000E3D  A$lcc2791 |    00000E3E  A$lcc2791 |    00000E40  A$lcc2791
     00000E41  A$lcc2791 |    00000E42  A$lcc2791 |    00000E42  C$main.c$
     00000E44  A$lcc2791 |    00000E45  A$lcc2791 |    00000E46  A$lcc2791
     00000E47  A$lcc2791 |    00000E4A  A$lcc2791 |    00000E4B  A$lcc2791
     00000E4C  A$lcc2791 |    00000E4F  A$lcc2791 |    00000E50  A$lcc2791
ASxxxx Linker V03.00 + NoICE + sdld,  page 19.
Hexadecimal  [32-Bits]

Area                       Addr        Size        Decimal Bytes (Attributes)
--------------------       ----        ----        ------- ----- ------------
_CODE                  00000200    000021C1 =        8641. bytes (REL,CON)

        Value  Global            Value  Global            Value  Global    
        -----  ------            -----  ------            -----  ------    
     00000E51  A$lcc2791 |    00000E53  A$lcc2791 |    00000E54  A$lcc2791
     00000E56  A$lcc2791 |    00000E57  A$lcc2791 |    00000E58  A$lcc2791
     00000E5B  A$lcc2791 |    00000E5C  A$lcc2791 |    00000E5C  C$main.c$
     00000E5D  A$lcc2791 |    00000E5E  A$lcc2791 |    00000E5F  A$lcc2791
     00000E60  A$lcc2791 |    00000E62  A$lcc2791 |    00000E63  A$lcc2791
     00000E64  A$lcc2791 |    00000E64  C$main.c$ |    00000E66  A$lcc2791
     00000E67  A$lcc2791 |    00000E68  A$lcc2791 |    00000E69  A$lcc2791
     00000E6C  A$lcc2791 |    00000E6D  A$lcc2791 |    00000E6E  A$lcc2791
     00000E71  A$lcc2791 |    00000E72  A$lcc2791 |    00000E73  A$lcc2791
     00000E75  A$lcc2791 |    00000E76  A$lcc2791 |    00000E78  A$lcc2791
     00000E79  A$lcc2791 |    00000E7A  A$lcc2791 |    00000E7D  A$lcc2791
     00000E7E  A$lcc2791 |    00000E7E  C$main.c$ |    00000E7F  A$lcc2791
     00000E80  A$lcc2791 |    00000E81  A$lcc2791 |    00000E82  A$lcc2791
     00000E84  A$lcc2791 |    00000E85  A$lcc2791 |    00000E86  A$lcc2791
     00000E86  C$main.c$ |    00000E88  A$lcc2791 |    00000E89  A$lcc2791
     00000E8A  A$lcc2791 |    00000E8B  A$lcc2791 |    00000E8E  A$lcc2791
     00000E8F  A$lcc2791 |    00000E90  A$lcc2791 |    00000E93  A$lcc2791
     00000E94  A$lcc2791 |    00000E95  A$lcc2791 |    00000E97  A$lcc2791
     00000E98  A$lcc2791 |    00000E9A  A$lcc2791 |    00000E9B  A$lcc2791
     00000E9C  A$lcc2791 |    00000E9F  A$lcc2791 |    00000EA0  A$lcc2791
     00000EA0  C$main.c$ |    00000EA1  A$lcc2791 |    00000EA2  A$lcc2791
     00000EA3  A$lcc2791 |    00000EA4  A$lcc2791 |    00000EA6  A$lcc2791
     00000EA7  A$lcc2791 |    00000EA8  A$lcc2791 |    00000EA8  C$main.c$
     00000EAA  A$lcc2791 |    00000EAB  A$lcc2791 |    00000EAC  A$lcc2791
     00000EAD  A$lcc2791 |    00000EB0  A$lcc2791 |    00000EB1  A$lcc2791
     00000EB2  A$lcc2791 |    00000EB5  A$lcc2791 |    00000EB6  A$lcc2791
     00000EB7  A$lcc2791 |    00000EB9  A$lcc2791 |    00000EBA  A$lcc2791
     00000EBC  A$lcc2791 |    00000EBD  A$lcc2791 |    00000EBE  A$lcc2791
     00000EC1  A$lcc2791 |    00000EC2  A$lcc2791 |    00000EC2  C$main.c$
     00000EC3  A$lcc2791 |    00000EC4  A$lcc2791 |    00000EC5  A$lcc2791
     00000EC6  A$lcc2791 |    00000EC8  A$lcc2791 |    00000EC9  A$lcc2791
     00000ECA  A$lcc2791 |    00000ECA  C$main.c$ |    00000ECC  A$lcc2791
     00000ECD  A$lcc2791 |    00000ECE  A$lcc2791 |    00000ECF  A$lcc2791
     00000ED2  A$lcc2791 |    00000ED3  A$lcc2791 |    00000ED4  A$lcc2791
     00000ED7  A$lcc2791 |    00000ED8  A$lcc2791 |    00000ED9  A$lcc2791
     00000EDB  A$lcc2791 |    00000EDC  A$lcc2791 |    00000EDE  A$lcc2791
     00000EDF  A$lcc2791 |    00000EE0  A$lcc2791 |    00000EE3  A$lcc2791
     00000EE4  A$lcc2791 |    00000EE4  C$main.c$ |    00000EE5  A$lcc2791
     00000EE6  A$lcc2791 |    00000EE7  A$lcc2791 |    00000EE8  A$lcc2791
     00000EEA  A$lcc2791 |    00000EEB  A$lcc2791 |    00000EEC  A$lcc2791
     00000EEC  C$main.c$ |    00000EEF  A$lcc2791 |    00000EF1  A$lcc2791
     00000EF2  A$lcc2791 |    00000EF3  A$lcc2791 |    00000EF4  A$lcc2791
     00000EF5  A$lcc2791 |    00000EF6  A$lcc2791 |    00000EF9  A$lcc2791
     00000EFA  A$lcc2791 |    00000EFB  A$lcc2791 |    00000EFD  A$lcc2791
     00000EFE  A$lcc2791 |    00000F00  A$lcc2791 |    00000F01  A$lcc2791
     00000F02  A$lcc2791 |    00000F05  A$lcc2791 |    00000F06  A$lcc2791
     00000F06  C$main.c$ |    00000F07  A$lcc2791 |    00000F08  A$lcc2791
     00000F09  A$lcc2791 |    00000F0A  A$lcc2791 |    00000F0C  A$lcc2791
     00000F0D  A$lcc2791 |    00000F0E  A$lcc2791 |    00000F0E  C$main.c$
     00000F11  A$lcc2791 |    00000F13  A$lcc2791 |    00000F14  A$lcc2791
     00000F15  A$lcc2791 |    00000F16  A$lcc2791 |    00000F17  A$lcc2791
ASxxxx Linker V03.00 + NoICE + sdld,  page 20.
Hexadecimal  [32-Bits]

Area                       Addr        Size        Decimal Bytes (Attributes)
--------------------       ----        ----        ------- ----- ------------
_CODE                  00000200    000021C1 =        8641. bytes (REL,CON)

        Value  Global            Value  Global            Value  Global    
        -----  ------            -----  ------            -----  ------    
     00000F18  A$lcc2791 |    00000F19  A$lcc2791 |    00000F1C  A$lcc2791
     00000F1D  A$lcc2791 |    00000F1D  C$main.c$ |    00000F20  A$lcc2791
     00000F20  C$main.c$ |    00000F20  C$main.c$ |    00000F22  A$lcc2791
     00000F23  A$lcc2791 |    00000F24  A$lcc2791 |    00000F26  A$lcc2791
     00000F27  A$lcc2791 |    00000F27  C$main.c$ |    00000F29  A$lcc2791
     00000F2B  A$lcc2791 |    00000F2D  A$lcc2791 |    00000F2F  A$lcc2791
     00000F30  A$lcc2791 |    00000F31  A$lcc2791 |    00000F32  A$lcc2791
     00000F33  A$lcc2791 |    00000F34  A$lcc2791 |    00000F36  A$lcc2791
     00000F36  C$main.c$ |    00000F38  A$lcc2791 |    00000F39  A$lcc2791
     00000F3A  A$lcc2791 |    00000F3B  A$lcc2791 |    00000F3E  A$lcc2791
     00000F40  A$lcc2791 |    00000F41  A$lcc2791 |    00000F42  A$lcc2791
     00000F43  A$lcc2791 |    00000F44  A$lcc2791 |    00000F45  A$lcc2791
     00000F48  A$lcc2791 |    00000F49  A$lcc2791 |    00000F4A  A$lcc2791
[...]
     00002244  C$main.c$ |    00002246  A$lcc2791 |    00002246  C$main.c$
     00002246  C$main.c$ |    00002248  A$lcc2791 |    00002249  A$lcc2791
     0000224A  A$lcc2791 |    0000224D  A$lcc2791 |    0000224E  A$lcc2791
     00002251  A$lcc2791 |    00002252  A$lcc2791 |    00002253  A$lcc2791
     00002256  A$lcc2791 |    00002258  A$lcc2791 |    00002258  C$main.c$
     0000225A  A$lcc2791 |    0000225A  C$main.c$ |    0000225A  C$main.c$
     0000225B  A$lcc2791 |    0000225C  A$lcc2791 |    0000225E  A$lcc2791
     00002260  A$lcc2791 |    00002262  A$lcc2791 |    00002264  A$lcc2791
     00002266  A$lcc2791 |    00002268  A$lcc2791 |    0000226A  A$lcc2791
     0000226C  A$lcc2791 |    0000226C  C$main.c$ |    0000226C  C$main.c$
     0000226E  A$lcc2791 |    0000226F  A$lcc2791 |    00002270  A$lcc2791
     00002273  A$lcc2791 |    00002274  A$lcc2791 |    00002277  A$lcc2791
     00002278  A$lcc2791 |    00002279  A$lcc2791 |    0000227C  A$lcc2791
     0000227E  A$lcc2791 |    0000227E  C$main.c$ |    00002280  A$lcc2791
     00002280  C$main.c$ |    00002280  C$main.c$ |    00002282  A$lcc2791
     00002283  A$lcc2791 |    00002284  A$lcc2791 |    00002287  A$lcc2791
     00002288  A$lcc2791 |    0000228B  A$lcc2791 |    0000228C  A$lcc2791
     0000228D  A$lcc2791 |    00002290  A$lcc2791 |    00002292  A$lcc2791
     00002292  C$main.c$ |    00002294  A$lcc2791 |    00002294  C$main.c$
     00002294  C$main.c$ |    00002296  A$lcc2791 |    00002297  A$lcc2791
     00002298  A$lcc2791 |    0000229B  A$lcc2791 |    0000229C  A$lcc2791
     0000229F  A$lcc2791 |    000022A0  A$lcc2791 |    000022A1  A$lcc2791
     000022A4  A$lcc2791 |    000022A6  A$lcc2791 |    000022A6  C$main.c$
     000022A8  A$lcc2791 |    000022A8  C$main.c$ |    000022A8  C$main.c$
     000022AA  A$lcc2791 |    000022AB  A$lcc2791 |    000022AC  A$lcc2791
     000022AF  A$lcc2791 |    000022B0  A$lcc2791 |    000022B3  A$lcc2791
     000022B4  A$lcc2791 |    000022B5  A$lcc2791 |    000022B8  A$lcc2791
     000022BA  A$lcc2791 |    000022BA  C$main.c$ |    000022BA  C$main.c$
ASxxxx Linker V03.00 + NoICE + sdld,  page 45.
Hexadecimal  [32-Bits]

Area                       Addr        Size        Decimal Bytes (Attributes)
--------------------       ----        ----        ------- ----- ------------
_CODE                  00000200    000021C1 =        8641. bytes (REL,CON)

        Value  Global            Value  Global            Value  Global    
        -----  ------            -----  ------            -----  ------    
     000022BB  A$lcc2791 |    000022BD  A$lcc2791 |    000022BF  A$lcc2791
     000022C0  A$lcc2791 |    000022C2  A$lcc2791 |    000022C2  C$main.c$
     000022C5  A$lcc2791 |    000022C6  A$lcc2791 |    000022C8  A$lcc2791
     000022CA  A$lcc2791 |    000022CA  C$main.c$ |    000022CB  A$lcc2791
     000022CD  A$lcc2791 |    000022CD  C$main.c$ |    000022D0  A$lcc2791
     000022D2  A$lcc2791 |    000022D2  C$main.c$ |    000022D3  A$lcc2791
     000022D5  A$lcc2791 |    000022D7  A$lcc2791 |    000022D8  A$lcc2791
     000022DA  A$lcc2791 |    000022DA  C$main.c$ |    000022DD  A$lcc2791
     000022DE  A$lcc2791 |    000022E0  A$lcc2791 |    000022E0  C$main.c$
     000022E3  A$lcc2791 |    000022E5  A$lcc2791 |    000022E5  C$main.c$
     000022E8  A$lcc2791 |    000022E9  A$lcc2791 |    000022EC  A$lcc2791
     000022EF  A$lcc2791 |    000022F2  A$lcc2791 |    000022F2  C$main.c$
     000022F5  A$lcc2791 |    000022F6  A$lcc2791 |    000022F6  C$main.c$
     000022F7  A$lcc2791 |    000022F9  A$lcc2791 |    000022FB  A$lcc2791
     000022FC  A$lcc2791 |    000022FE  A$lcc2791 |    000022FE  C$main.c$
     000022FF  A$lcc2791 |    00002302  A$lcc2791 |    00002304  A$lcc2791
     00002304  C$main.c$ |    00002305  A$lcc2791 |    00002307  A$lcc2791
     00002309  A$lcc2791 |    0000230A  A$lcc2791 |    0000230C  A$lcc2791
     0000230C  C$main.c$ |    0000230D  A$lcc2791 |    00002310  A$lcc2791
     00002310  C$main.c$ |    00002313  A$lcc2791 |    00002314  A$lcc2791
     00002314  C$main.c$ |    00002315  A$lcc2791 |    00002317  A$lcc2791
     00002319  A$lcc2791 |    0000231A  A$lcc2791 |    0000231C  A$lcc2791
     0000231C  C$main.c$ |    0000231D  A$lcc2791 |    00002320  A$lcc2791
     00002322  A$lcc2791 |    00002322  C$main.c$ |    00002323  A$lcc2791
     00002325  A$lcc2791 |    00002327  A$lcc2791 |    00002328  A$lcc2791
     0000232A  A$lcc2791 |    0000232A  C$main.c$ |    0000232B  A$lcc2791
     0000232E  A$lcc2791 |    0000232E  C$main.c$ |    00002331  A$lcc2791
     00002332  A$lcc2791 |    00002334  A$lcc2791 |    00002334  C$main.c$
     00002337  A$lcc2791 |    0000233A  A$lcc2791 |    0000233C  A$lcc2791
     0000233C  C$main.c$ |    0000233F  A$lcc2791 |    0000233F  C$main.c$
     00002342  A$lcc2791 |    00002345  A$lcc2791 |    00002345  C$main.c$
     00002348  A$lcc2791 |    0000234B  A$lcc2791 |    0000234D  A$lcc2791
     0000234D  C$main.c$ |    0000234D  XG$main$0 |    0000234E  _set_vram
     0000235D  _set_win_ |    00002365  _set_bkg_ |    0000238F  ___memcpy
     0000238F  _memcpy  
ASxxxx Linker V03.00 + NoICE + sdld,  page 46.
Hexadecimal  [32-Bits]

Area                       Addr        Size        Decimal Bytes (Attributes)
--------------------       ----        ----        ------- ----- ------------
_HEADER0               00000000    00000001 =           1. bytes (ABS,CON)

        Value  Global            Value  Global            Value  Global    
        -----  ------            -----  ------            -----  ------    
     00000020  .call_hl 
ASxxxx Linker V03.00 + NoICE + sdld,  page 47.
Hexadecimal  [32-Bits]

Area                       Addr        Size        Decimal Bytes (Attributes)
--------------------       ----        ----        ------- ----- ------------
_HEADER1               00000000    00000005 =           5. bytes (ABS,CON)

        Value  Global            Value  Global            Value  Global    
        -----  ------            -----  ------            -----  ------    
     00000028  .MemsetSm
ASxxxx Linker V03.00 + NoICE + sdld,  page 48.
Hexadecimal  [32-Bits]

Area                       Addr        Size        Decimal Bytes (Attributes)
--------------------       ----        ----        ------- ----- ------------
_HEADER2               00000000    00000007 =           7. bytes (ABS,CON)

        Value  Global            Value  Global            Value  Global    
        -----  ------            -----  ------            -----  ------    
     00000030  .MemcpySm
ASxxxx Linker V03.00 + NoICE + sdld,  page 49.
Hexadecimal  [32-Bits]

Area                       Addr        Size        Decimal Bytes (Attributes)
--------------------       ----        ----        ------- ----- ------------
_HEADER3               00000000    00000008 =           8. bytes (ABS,CON)

        Value  Global            Value  Global            Value  Global    
        -----  ------            -----  ------            -----  ------    
ASxxxx Linker V03.00 + NoICE + sdld,  page 50.
Hexadecimal  [32-Bits]

Area                       Addr        Size        Decimal Bytes (Attributes)
--------------------       ----        ----        ------- ----- ------------
_HEADER4               00000000    0000004C =          76. bytes (ABS,CON)

        Value  Global            Value  Global            Value  Global    
        -----  ------            -----  ------            -----  ------    
     00000080  .int      |    0000008F  _wait_int |    0000009C  __standar
     000000AC  _refresh_
ASxxxx Linker V03.00 + NoICE + sdld,  page 51.
Hexadecimal  [32-Bits]

Area                       Addr        Size        Decimal Bytes (Attributes)
--------------------       ----        ----        ------- ----- ------------
_HEADER5               00000000    00000002 =           2. bytes (ABS,CON)

        Value  Global            Value  Global            Value  Global    
        -----  ------            -----  ------            -----  ------    
ASxxxx Linker V03.00 + NoICE + sdld,  page 52.
Hexadecimal  [32-Bits]

Area                       Addr        Size        Decimal Bytes (Attributes)
--------------------       ----        ----        ------- ----- ------------
_HEADER6               00000000    00000030 =          48. bytes (ABS,CON)

        Value  Global            Value  Global            Value  Global    
        -----  ------            -----  ------            -----  ------    
ASxxxx Linker V03.00 + NoICE + sdld,  page 53.
Hexadecimal  [32-Bits]

Area                       Addr        Size        Decimal Bytes (Attributes)
--------------------       ----        ----        ------- ----- ------------
_HEADER7               00000000    00000006 =           6. bytes (ABS,CON)

        Value  Global            Value  Global            Value  Global    
        -----  ------            -----  ------            -----  ------    
ASxxxx Linker V03.00 + NoICE + sdld,  page 54.
Hexadecimal  [32-Bits]

Area                       Addr        Size        Decimal Bytes (Attributes)
--------------------       ----        ----        ------- ----- ------------
_HEADER8               00000000    00000003 =           3. bytes (ABS,CON)

        Value  Global            Value  Global            Value  Global    
        -----  ------            -----  ------            -----  ------    
ASxxxx Linker V03.00 + NoICE + sdld,  page 55.
Hexadecimal  [32-Bits]

Area                       Addr        Size        Decimal Bytes (Attributes)
--------------------       ----        ----        ------- ----- ------------
_HEADER9               00000000    00000001 =           1. bytes (ABS,CON)

        Value  Global            Value  Global            Value  Global    
        -----  ------            -----  ------            -----  ------    
ASxxxx Linker V03.00 + NoICE + sdld,  page 56.
Hexadecimal  [32-Bits]

Area                       Addr        Size        Decimal Bytes (Attributes)
--------------------       ----        ----        ------- ----- ------------
_HEADERa               00000000    00000001 =           1. bytes (ABS,CON)

        Value  Global            Value  Global            Value  Global    
        -----  ------            -----  ------            -----  ------    
ASxxxx Linker V03.00 + NoICE + sdld,  page 57.
Hexadecimal  [32-Bits]

Area                       Addr        Size        Decimal Bytes (Attributes)
--------------------       ----        ----        ------- ----- ------------
_HEADERb               00000000    00000001 =           1. bytes (ABS,CON)

        Value  Global            Value  Global            Value  Global    
        -----  ------            -----  ------            -----  ------    
ASxxxx Linker V03.00 + NoICE + sdld,  page 58.
Hexadecimal  [32-Bits]

Area                       Addr        Size        Decimal Bytes (Attributes)
--------------------       ----        ----        ------- ----- ------------
_HEADERc               00000000    00000002 =           2. bytes (ABS,CON)

        Value  Global            Value  Global            Value  Global    
        -----  ------            -----  ------            -----  ------    
ASxxxx Linker V03.00 + NoICE + sdld,  page 59.
Hexadecimal  [32-Bits]

Area                       Addr        Size        Decimal Bytes (Attributes)
--------------------       ----        ----        ------- ----- ------------
_HEADERd               00000000    00000001 =           1. bytes (ABS,CON)

        Value  Global            Value  Global            Value  Global    
        -----  ------            -----  ------            -----  ------    
ASxxxx Linker V03.00 + NoICE + sdld,  page 60.
Hexadecimal  [32-Bits]

Area                       Addr        Size        Decimal Bytes (Attributes)
--------------------       ----        ----        ------- ----- ------------
_HEADERe               00000000    00000001 =           1. bytes (ABS,CON)

        Value  Global            Value  Global            Value  Global    
        -----  ------            -----  ------            -----  ------    
ASxxxx Linker V03.00 + NoICE + sdld,  page 61.
Hexadecimal  [32-Bits]

Area                       Addr        Size        Decimal Bytes (Attributes)
--------------------       ----        ----        ------- ----- ------------
_HEADERf               00000000    00000002 =           2. bytes (ABS,CON)

        Value  Global            Value  Global            Value  Global    
        -----  ------            -----  ------            -----  ------    
ASxxxx Linker V03.00 + NoICE + sdld,  page 62.
Hexadecimal  [32-Bits]

Area                       Addr        Size        Decimal Bytes (Attributes)
--------------------       ----        ----        ------- ----- ------------
_HEADER10              00000000    00000084 =         132. bytes (ABS,CON)

        Value  Global            Value  Global            Value  Global    
        -----  ------            -----  ------            -----  ------    
     00000150  .reset    |    00000150  _reset    |    00000157  .code_sta
     000001B9  _exit     |    000001BD  _set_inte
ASxxxx Linker V03.00 + NoICE + sdld,  page 63.
Hexadecimal  [32-Bits]

Area                       Addr        Size        Decimal Bytes (Attributes)
--------------------       ----        ----        ------- ----- ------------
_HEADER11              00000000    00000001 =           1. bytes (ABS,CON)

        Value  Global            Value  Global            Value  Global    
        -----  ------            -----  ------            -----  ------    
ASxxxx Linker V03.00 + NoICE + sdld,  page 64.
Hexadecimal  [32-Bits]

Area                       Addr        Size        Decimal Bytes (Attributes)
--------------------       ----        ----        ------- ----- ------------
_HOME                  000023C1    000001A9 =         425. bytes (REL,CON)

        Value  Global            Value  Global            Value  Global    
        -----  ------            -----  ------            -----  ------    
     000023C1  .memset_s |    000023CA  .memcpy_s |    000023E7  .remove_V
     000023EA  .remove_i |    00002407  .add_VBL  |    0000240A  .add_int 
     00002415  .wait_vbl |    00002415  _wait_vbl |    00002425  .display_
     00002425  _display_ |    0000243D  _remove_V |    00002448  _add_VBL 
     00002453  _set_tile |    00002458  _set_bkg_ |    00002458  _set_win_
     00002460  _set_spri |    00002490  .padup    |    00002490  _waitpadu
     000024A0  .jpad     |    000024A0  _joypad   |    000024C8  _waitpad 
     000024C9  .wait_pad |    000024D0  .delay    |    000024D0  _delay   
     000024FC  _set_bkg_ |    00002510  .set_xy_w |    00002519  .set_xy_b
     00002528  .set_xy_t
ASxxxx Linker V03.00 + NoICE + sdld,  page 65.
Hexadecimal  [32-Bits]

Area                       Addr        Size        Decimal Bytes (Attributes)
--------------------       ----        ----        ------- ----- ------------
_INITIALIZER           0000256A    0000029D =         669. bytes (REL,CON)

        Value  Global            Value  Global            Value  Global    
        -----  ------            -----  ------            -----  ------    
     0000256A  Fblankscr |    000026D2  Fcells$__ |    00002802  Fmain$__x
     00002803  Fmain$__x |    00002804  Fmain$__x |    00002805  Fmain$__x
ASxxxx Linker V03.00 + NoICE + sdld,  page 66.
Hexadecimal  [32-Bits]

Area                       Addr        Size        Decimal Bytes (Attributes)
--------------------       ----        ----        ------- ----- ------------
_GSINIT                00002807    0000000C =          12. bytes (REL,CON)

        Value  Global            Value  Global            Value  Global    
        -----  ------            -----  ------            -----  ------    
     00002807  gsinit   
ASxxxx Linker V03.00 + NoICE + sdld,  page 67.
Hexadecimal  [32-Bits]

Area                       Addr        Size        Decimal Bytes (Attributes)
--------------------       ----        ----        ------- ----- ------------
_GSFINAL               00002813    00000001 =           1. bytes (REL,CON)

        Value  Global            Value  Global            Value  Global    
        -----  ------            -----  ------            -----  ------    
ASxxxx Linker V03.00 + NoICE + sdld,  page 68.
Hexadecimal  [32-Bits]

Area                       Addr        Size        Decimal Bytes (Attributes)
--------------------       ----        ----        ------- ----- ------------
_DATA                  0000C0A0    0000152E =        5422. bytes (REL,CON)

        Value  Global            Value  Global            Value  Global    
        -----  ------            -----  ------            -----  ------    
     0000C0A0  __cpu     |    0000C0A1  __is_GBA  |    0000C0A2  .mode    
     0000C0A3  .sys_time |    0000C0A3  _sys_time |    0000C0A5  .int_0x40
     0000C0B1  G$CellGri |    0000C0B1  _CellGrid |    0000C7B9  G$PlayGri
     0000C7B9  _PlayGrid |    0000CEC1  G$SimBuff |    0000CEC1  _SimBuff 
     0000D5C9  G$EmptyCe |    0000D5C9  _EmptyCel
ASxxxx Linker V03.00 + NoICE + sdld,  page 69.
Hexadecimal  [32-Bits]

Area                       Addr        Size        Decimal Bytes (Attributes)
--------------------       ----        ----        ------- ----- ------------
_INITIALIZED           0000D5CE    0000029D =         669. bytes (REL,CON)

        Value  Global            Value  Global            Value  Global    
        -----  ------            -----  ------            -----  ------    
     0000D5CE  G$blanksc |    0000D5CE  _blankscr |    0000D736  G$cells$0
     0000D736  _cells    |    0000D866  G$curx$0_ |    0000D866  _curx    
     0000D867  G$cury$0_ |    0000D867  _cury     |    0000D868  G$selecte
     0000D868  _selected |    0000D869  G$Buildmo |    0000D869  _Buildmod
     0000D86A  __map_til
ASxxxx Linker V03.00 + NoICE + sdld,  page 70.
Hexadecimal  [32-Bits]

Area                       Addr        Size        Decimal Bytes (Attributes)
--------------------       ----        ----        ------- ----- ------------
_HRAM12                00000000    00000003 =           3. bytes (ABS,CON)

        Value  Global            Value  Global            Value  Global    
        -----  ------            -----  ------            -----  ------    
     0000FF90  __current |    0000FF92  __shadow_
ASxxxx Linker V03.00 + NoICE + sdld,  page 71.

Files Linked                              [ module(s) ]

C:\gbdk\lib/gb/crt0.o                     [ Runtime ]
C:\Users\barry\AppData\Local\Temp/lcc279160.o
                                          [ blankscreen ]
C:\Users\barry\AppData\Local\Temp/lcc279161.o
                                          [ cells ]
C:\Users\barry\AppData\Local\Temp/lcc279162.o
                                          [ main ]


Libraries Linked                          [ object file ]

C:\gbdk\lib/gb/gb.lib                     [ set_data.o ]
C:\gbdk\lib/gb/gb.lib                     [ set_tile.o ]
C:\gbdk\lib/gb/gb.lib                     [ pad.o ]
C:\gbdk\lib/sm83/sm83.lib                 [ memcpy.o ]
C:\gbdk\lib/gb/gb.lib                     [ delay.o ]
C:\gbdk\lib/gb/gb.lib                     [ sfr.o ]
C:\gbdk\lib/gb/gb.lib                     [ set_bk_t.o ]
C:\gbdk\lib/gb/gb.lib                     [ set_xy_t.o ]

ASxxxx Linker V03.00 + NoICE + sdld,  page 72.

User Base Address Definitions

_DATA=0xC0A0
_CODE=0x0200
ASxxxx Linker V03.00 + NoICE + sdld,  page 73.

User Global Definitions

_shadow_OAM=0xC000
.STACK=0xE000
.refresh_OAM=0xFF80

